#-----------------------------------------------------------
# Vivado v2022.1 (64-bit)
# SW Build 3526262 on Mon Apr 18 15:48:16 MDT 2022
# IP Build 3524634 on Mon Apr 18 20:55:01 MDT 2022
# Start of session at: Thu Mar 28 16:42:42 2024
# Process ID: 3008
# Current directory: C:/EECE4632FinalProject/Test_Project_Vivado/test/test.runs/dma_axis_ip_example_auto_pc_2_synth_1
# Command line: vivado.exe -log dma_axis_ip_example_auto_pc_2.vds -product Vivado -mode batch -messageDb vivado.pb -notrace -source dma_axis_ip_example_auto_pc_2.tcl
# Log file: C:/EECE4632FinalProject/Test_Project_Vivado/test/test.runs/dma_axis_ip_example_auto_pc_2_synth_1/dma_axis_ip_example_auto_pc_2.vds
# Journal file: C:/EECE4632FinalProject/Test_Project_Vivado/test/test.runs/dma_axis_ip_example_auto_pc_2_synth_1\vivado.jou
# Running On: WFXA4BB6DB88619, OS: Windows, CPU Frequency: 2904 MHz, CPU Physical cores: 8, Host memory: 16881 MB
#-----------------------------------------------------------
source dma_axis_ip_example_auto_pc_2.tcl -notrace
