#-----------------------------------------------------------
# Vivado v2022.1 (64-bit)
# SW Build 3526262 on Mon Apr 18 15:48:16 MDT 2022
# IP Build 3524634 on Mon Apr 18 20:55:01 MDT 2022
# Start of session at: Wed Mar 27 17:33:57 2024
# Process ID: 21492
# Current directory: C:/Users/du.kad/Desktop/EECE4632FinalProject/Vivado_Guitar_Effects/Vivado_Guitar_Effects.runs/guitar_effects_design_xbar_1_synth_1
# Command line: vivado.exe -log guitar_effects_design_xbar_1.vds -product Vivado -mode batch -messageDb vivado.pb -notrace -source guitar_effects_design_xbar_1.tcl
# Log file: C:/Users/du.kad/Desktop/EECE4632FinalProject/Vivado_Guitar_Effects/Vivado_Guitar_Effects.runs/guitar_effects_design_xbar_1_synth_1/guitar_effects_design_xbar_1.vds
# Journal file: C:/Users/du.kad/Desktop/EECE4632FinalProject/Vivado_Guitar_Effects/Vivado_Guitar_Effects.runs/guitar_effects_design_xbar_1_synth_1\vivado.jou
# Running On: WFXB07B250A366D, OS: Windows, CPU Frequency: 2904 MHz, CPU Physical cores: 8, Host memory: 16881 MB
#-----------------------------------------------------------
source guitar_effects_design_xbar_1.tcl -notrace
