

================================================================
== Vitis HLS Report for 'guitar_effects'
================================================================
* Date:           Wed Apr 17 16:22:08 2024

* Version:        2022.1 (Build 3526262 on Mon Apr 18 15:48:16 MDT 2022)
* Project:        Guitar_Effects
* Solution:       solution1 (Vivado IP Flow Target)
* Product family: zynq
* Target device:  xc7z020-clg400-1


================================================================
== Performance Estimates
================================================================
+ Timing: 
    * Summary: 
    +--------+----------+----------+------------+
    |  Clock |  Target  | Estimated| Uncertainty|
    +--------+----------+----------+------------+
    |ap_clk  |  10.00 ns|  7.300 ns|     2.70 ns|
    +--------+----------+----------+------------+

+ Latency: 
    * Summary: 
    +---------+---------+----------+----------+-----+-----+---------+
    |  Latency (cycles) |  Latency (absolute) |  Interval | Pipeline|
    |   min   |   max   |    min   |    max   | min | max |   Type  |
    +---------+---------+----------+----------+-----+-----+---------+
    |        ?|        ?|         ?|         ?|    ?|    ?|       no|
    +---------+---------+----------+----------+-----+-----+---------+

    + Detail: 
        * Instance: 
        +---------------------------------------------+----------------------------------+---------+---------+-----------+-----------+------+------+---------+
        |                                             |                                  |  Latency (cycles) |   Latency (absolute)  |   Interval  | Pipeline|
        |                   Instance                  |              Module              |   min   |   max   |    min    |    max    |  min |  max |   Type  |
        +---------------------------------------------+----------------------------------+---------+---------+-----------+-----------+------+------+---------+
        |grp_guitar_effects_Pipeline_LPF_Loop_fu_768  |guitar_effects_Pipeline_LPF_Loop  |     6635|     6635|  66.350 us|  66.350 us|  6635|  6635|       no|
        |grp_sin_or_cos_double_s_fu_777               |sin_or_cos_double_s               |       47|       55|   0.470 us|   0.550 us|    47|    55|       no|
        +---------------------------------------------+----------------------------------+---------+---------+-----------+-----------+------+------+---------+

        * Loop: 
        +-------------------+---------+---------+----------+-----------+-----------+-------+----------+
        |                   |  Latency (cycles) | Iteration|  Initiation Interval  |  Trip |          |
        |     Loop Name     |   min   |   max   |  Latency |  achieved |   target  | Count | Pipelined|
        +-------------------+---------+---------+----------+-----------+-----------+-------+----------+
        |- Loop 1           |      441|      441|         1|          -|          -|    441|        no|
        |- Loop 2           |    88200|    88200|         1|          -|          -|  88200|        no|
        |- Loop 3           |      100|      100|         1|          -|          -|    100|        no|
        |- VITIS_LOOP_88_2  |        ?|        ?|  6 ~ 8636|          -|          -|      ?|        no|
        | + WAH_LOOP        |     1700|     1700|        17|          -|          -|    100|        no|
        +-------------------+---------+---------+----------+-----------+-----------+-------+----------+



================================================================
== Utilization Estimates
================================================================
* Summary: 
+-----------------+---------+-----+--------+-------+-----+
|       Name      | BRAM_18K| DSP |   FF   |  LUT  | URAM|
+-----------------+---------+-----+--------+-------+-----+
|DSP              |        -|    -|       -|      -|    -|
|Expression       |        -|    -|       0|   4254|    -|
|FIFO             |        -|    -|       -|      -|    -|
|Instance         |        9|   78|   11470|  13319|    -|
|Memory           |      258|    -|       0|      0|    0|
|Multiplexer      |        -|    -|       -|   2298|    -|
|Register         |        -|    -|    3022|      -|    -|
+-----------------+---------+-----+--------+-------+-----+
|Total            |      267|   78|   14492|  19871|    0|
+-----------------+---------+-----+--------+-------+-----+
|Available        |      280|  220|  106400|  53200|    0|
+-----------------+---------+-----+--------+-------+-----+
|Utilization (%)  |       95|   35|      13|     37|    0|
+-----------------+---------+-----+--------+-------+-----+

+ Detail: 
    * Instance: 
    +---------------------------------------------+----------------------------------+---------+----+------+------+-----+
    |                   Instance                  |              Module              | BRAM_18K| DSP|  FF  |  LUT | URAM|
    +---------------------------------------------+----------------------------------+---------+----+------+------+-----+
    |control_r_s_axi_U                            |control_r_s_axi                   |        0|   0|   454|   744|    0|
    |dadd_64ns_64ns_64_7_full_dsp_1_U47           |dadd_64ns_64ns_64_7_full_dsp_1    |        0|   3|   630|  1141|    0|
    |ddiv_64ns_64ns_64_59_no_dsp_1_U49            |ddiv_64ns_64ns_64_59_no_dsp_1     |        0|   0|     0|     0|    0|
    |dmul_64ns_64ns_64_7_max_dsp_1_U48            |dmul_64ns_64ns_64_7_max_dsp_1     |        0|  11|   342|   586|    0|
    |fdiv_32ns_32ns_32_16_no_dsp_1_U44            |fdiv_32ns_32ns_32_16_no_dsp_1     |        0|   0|     0|     0|    0|
    |fmul_32ns_32ns_32_4_max_dsp_1_U43            |fmul_32ns_32ns_32_4_max_dsp_1     |        0|   3|   143|   321|    0|
    |gmem_m_axi_U                                 |gmem_m_axi                        |        0|   0|   743|  1415|    0|
    |grp_guitar_effects_Pipeline_LPF_Loop_fu_768  |guitar_effects_Pipeline_LPF_Loop  |        1|   2|   875|  1447|    0|
    |mul_32s_16s_48_2_1_U59                       |mul_32s_16s_48_2_1                |        0|   2|   165|    50|    0|
    |mul_32s_8s_40_2_1_U51                        |mul_32s_8s_40_2_1                 |        0|   1|   165|    50|    0|
    |mul_32s_8s_40_2_1_U52                        |mul_32s_8s_40_2_1                 |        0|   1|   165|    50|    0|
    |mul_32s_9ns_41_2_1_U57                       |mul_32s_9ns_41_2_1                |        0|   1|   165|    50|    0|
    |grp_sin_or_cos_double_s_fu_777               |sin_or_cos_double_s               |        8|  54|  5929|  6460|    0|
    |sitodp_32ns_64_6_no_dsp_1_U50                |sitodp_32ns_64_6_no_dsp_1         |        0|   0|     0|     0|    0|
    |sitofp_32ns_32_6_no_dsp_1_U45                |sitofp_32ns_32_6_no_dsp_1         |        0|   0|     0|     0|    0|
    |sitofp_32ns_32_6_no_dsp_1_U46                |sitofp_32ns_32_6_no_dsp_1         |        0|   0|     0|     0|    0|
    |srem_32ns_10ns_32_36_seq_1_U53               |srem_32ns_10ns_32_36_seq_1        |        0|   0|   394|   238|    0|
    |srem_32ns_18ns_17_36_seq_1_U54               |srem_32ns_18ns_17_36_seq_1        |        0|   0|   394|   238|    0|
    |srem_32ns_18ns_32_36_seq_1_U55               |srem_32ns_18ns_32_36_seq_1        |        0|   0|   394|   238|    0|
    |srem_32ns_8ns_32_36_seq_1_U56                |srem_32ns_8ns_32_36_seq_1         |        0|   0|   394|   238|    0|
    |srem_9ns_8ns_7_13_seq_1_U58                  |srem_9ns_8ns_7_13_seq_1           |        0|   0|   118|    53|    0|
    +---------------------------------------------+----------------------------------+---------+----+------+------+-----+
    |Total                                        |                                  |        9|  78| 11470| 13319|    0|
    +---------------------------------------------+----------------------------------+---------+----+------+------+-----+

    * DSP: 
    N/A

    * Memory: 
    +----------------------+----------------------------------+---------+---+----+-----+-------+-----+------+-------------+
    |        Memory        |              Module              | BRAM_18K| FF| LUT| URAM| Words | Bits| Banks| W*Bits*Banks|
    +----------------------+----------------------------------+---------+---+----+-----+-------+-----+------+-------------+
    |compression_buffer_U  |compression_buffer_RAM_AUTO_1R1W  |        1|  0|   0|    0|    441|   32|     1|        14112|
    |delay_buffer_U        |delay_buffer_RAM_AUTO_1R1W        |      256|  0|   0|    0|  88200|   32|     1|      2822400|
    |wah_values_buffer_U   |wah_values_buffer_RAM_AUTO_1R1W   |        1|  0|   0|    0|    100|   32|     1|         3200|
    +----------------------+----------------------------------+---------+---+----+-----+-------+-----+------+-------------+
    |Total                 |                                  |      258|  0|   0|    0|  88741|   96|     3|      2839712|
    +----------------------+----------------------------------+---------+---+----+-----+-------+-----+------+-------------+

    * FIFO: 
    N/A

    * Expression: 
    +-------------------------------+----------+----+---+-----+------------+------------+
    |         Variable Name         | Operation| DSP| FF| LUT | Bitwidth P0| Bitwidth P1|
    +-------------------------------+----------+----+---+-----+------------+------------+
    |add_ln238_1_fu_2017_p2         |         +|   0|  0|   14|           7|           1|
    |add_ln238_fu_1972_p2           |         +|   0|  0|   71|          64|          64|
    |add_ln346_1_fu_1364_p2         |         +|   0|  0|   14|           9|           8|
    |add_ln346_2_fu_1665_p2         |         +|   0|  0|   14|           9|           8|
    |add_ln346_fu_1537_p2           |         +|   0|  0|   14|           9|           8|
    |add_ln515_fu_1867_p2           |         +|   0|  0|   12|          12|          11|
    |current_sample_fu_1069_p2      |         +|   0|  0|   39|          32|           1|
    |empty_71_fu_878_p2             |         +|   0|  0|   14|           9|           1|
    |empty_74_fu_908_p2             |         +|   0|  0|   24|          17|           1|
    |empty_77_fu_938_p2             |         +|   0|  0|   14|           7|           1|
    |grp_fu_1254_p0                 |         +|   0|  0|   39|          32|           1|
    |grp_fu_1501_p0                 |         +|   0|  0|   39|          32|           1|
    |grp_fu_1817_p0                 |         +|   0|  0|   39|          32|           1|
    |output_fu_1785_p2              |         +|   0|  0|   39|          32|          32|
    |r_V_fu_1091_p2                 |         +|   0|  0|   39|          32|          32|
    |result_3_fu_2113_p2            |         +|   0|  0|   30|          23|          23|
    |result_fu_1212_p2              |         +|   0|  0|   39|          32|          32|
    |ret_V_10_fu_1135_p2            |         +|   0|  0|   39|          32|           1|
    |ret_V_13_fu_2090_p2            |         +|   0|  0|   23|          16|           1|
    |ret_V_fu_1193_p2               |         +|   0|  0|   39|          32|           1|
    |grp_fu_1489_p0                 |         -|   0|  0|   39|          32|          32|
    |grp_fu_2032_p0                 |         -|   0|  0|   14|           9|           9|
    |negative_threshold_fu_1015_p2  |         -|   0|  0|   39|           1|          32|
    |r_V_22_fu_1096_p2              |         -|   0|  0|   39|          32|          32|
    |result_1_fu_1154_p2            |         -|   0|  0|   39|          32|          32|
    |result_V_12_fu_1949_p2         |         -|   0|  0|   39|           1|          32|
    |result_V_5_fu_1469_p2          |         -|   0|  0|   39|           1|          32|
    |result_V_6_fu_1457_p2          |         -|   0|  0|   39|           1|          32|
    |result_V_9_fu_1758_p2          |         -|   0|  0|   39|           1|          32|
    |sub_ln1512_2_fu_1881_p2        |         -|   0|  0|   12|          10|          11|
    |sub_ln1512_3_fu_1551_p2        |         -|   0|  0|   15|           7|           8|
    |sub_ln1512_4_fu_1378_p2        |         -|   0|  0|   15|           7|           8|
    |sub_ln1512_fu_1679_p2          |         -|   0|  0|   15|           7|           8|
    |sub_ln159_fu_1228_p2           |         -|   0|  0|   39|           1|          32|
    |and_ln191_1_fu_1312_p2         |       and|   0|  0|    2|           1|           1|
    |and_ln191_fu_1306_p2           |       and|   0|  0|    2|           1|           1|
    |ap_condition_4293              |       and|   0|  0|    2|           1|           1|
    |exitcond3554_fu_932_p2         |      icmp|   0|  0|   10|           7|           6|
    |exitcond3565_fu_902_p2         |      icmp|   0|  0|   13|          17|          17|
    |exitcond3618_fu_872_p2         |      icmp|   0|  0|   11|           9|           8|
    |icmp_ln1049_1_fu_1130_p2       |      icmp|   0|  0|   10|           7|           1|
    |icmp_ln1049_2_fu_2085_p2       |      icmp|   0|  0|   18|          32|           1|
    |icmp_ln1049_fu_1188_p2         |      icmp|   0|  0|   10|           7|           1|
    |icmp_ln141_fu_1081_p2          |      icmp|   0|  0|   18|          32|          32|
    |icmp_ln143_fu_1086_p2          |      icmp|   0|  0|   18|          32|          32|
    |icmp_ln174_fu_1264_p2          |      icmp|   0|  0|   18|          32|           9|
    |icmp_ln182_fu_1285_p2          |      icmp|   0|  0|   18|          32|          32|
    |icmp_ln191_1_fu_1301_p2        |      icmp|   0|  0|   18|          32|          32|
    |icmp_ln191_fu_1296_p2          |      icmp|   0|  0|   18|          32|          32|
    |icmp_ln192_fu_1290_p2          |      icmp|   0|  0|   18|          32|           1|
    |icmp_ln238_fu_2011_p2          |      icmp|   0|  0|   10|           7|           6|
    |r_V_25_fu_1589_p2              |      lshr|   0|  0|  242|          79|          79|
    |r_V_27_fu_1416_p2              |      lshr|   0|  0|  242|          79|          79|
    |r_V_29_fu_1717_p2              |      lshr|   0|  0|  242|          79|          79|
    |r_V_31_fu_1907_p2              |      lshr|   0|  0|  460|         137|         137|
    |ap_block_state304              |        or|   0|  0|    2|           1|           1|
    |ap_block_state306              |        or|   0|  0|    2|           1|           1|
    |or_ln101_fu_1269_p2            |        or|   0|  0|   32|          32|           3|
    |or_ln106_fu_1764_p2            |        or|   0|  0|   32|          32|           2|
    |or_ln111_fu_1997_p2            |        or|   0|  0|   32|          32|           1|
    |or_ln96_fu_1075_p2             |        or|   0|  0|   32|          32|           4|
    |abs_in_1_fu_1234_p3            |    select|   0|  0|   32|           1|          32|
    |current_level_fu_1278_p3       |    select|   0|  0|   32|           1|          32|
    |result_V_14_fu_1474_p3         |    select|   0|  0|   32|           1|          32|
    |result_V_15_fu_1779_p3         |    select|   0|  0|   32|           1|          32|
    |result_V_16_fu_1954_p3         |    select|   0|  0|   32|           1|          32|
    |result_V_fu_1462_p3            |    select|   0|  0|   32|           1|          32|
    |ret_V_11_fu_1147_p3            |    select|   0|  0|   32|           1|          32|
    |ret_V_14_fu_2102_p3            |    select|   0|  0|   16|           1|          16|
    |ret_V_9_fu_1205_p3             |    select|   0|  0|   32|           1|          32|
    |select_ln1048_1_fu_1140_p3     |    select|   0|  0|   32|           1|          32|
    |select_ln1048_2_fu_2095_p3     |    select|   0|  0|   16|           1|          16|
    |select_ln1048_fu_1198_p3       |    select|   0|  0|   32|           1|          32|
    |ush_2_fu_1388_p3               |    select|   0|  0|    9|           1|           9|
    |ush_3_fu_1689_p3               |    select|   0|  0|    9|           1|           9|
    |ush_4_fu_1891_p3               |    select|   0|  0|   12|           1|          12|
    |ush_fu_1561_p3                 |    select|   0|  0|    9|           1|           9|
    |val_1_fu_1450_p3               |    select|   0|  0|   32|           1|          32|
    |val_2_fu_1751_p3               |    select|   0|  0|   32|           1|          32|
    |val_3_fu_1941_p3               |    select|   0|  0|   32|           1|          32|
    |val_fu_1623_p3                 |    select|   0|  0|   32|           1|          32|
    |r_V_26_fu_1595_p2              |       shl|   0|  0|  242|          79|          79|
    |r_V_28_fu_1422_p2              |       shl|   0|  0|  242|          79|          79|
    |r_V_30_fu_1723_p2              |       shl|   0|  0|  242|          79|          79|
    |r_V_32_fu_1913_p2              |       shl|   0|  0|  460|         137|         137|
    +-------------------------------+----------+----+---+-----+------------+------------+
    |Total                          |          |   0|  0| 4254|        1823|        2053|
    +-------------------------------+----------+----+---+-----+------------+------------+

    * Multiplexer: 
    +-----------------------------------------------+------+-----------+-----+-----------+
    |                      Name                     |  LUT | Input Size| Bits| Total Bits|
    +-----------------------------------------------+------+-----------+-----+-----------+
    |INPUT_r_TDATA_blk_n                            |     9|          2|    1|          2|
    |OUTPUT_r_TDATA_blk_n                           |     9|          2|    1|          2|
    |OUTPUT_r_TLAST_int_regslice                    |    14|          3|    1|          3|
    |ap_NS_fsm                                      |  1627|        307|    1|        307|
    |ap_phi_mux_axilite_out_local_2_phi_fu_627_p10  |     9|          2|   32|         64|
    |ap_phi_mux_axilite_out_local_3_phi_fu_680_p4   |     9|          2|   32|         64|
    |ap_phi_mux_empty_81_phi_fu_644_p10             |     9|          2|   32|         64|
    |ap_phi_mux_empty_82_phi_fu_691_p4              |     9|          2|   32|         64|
    |ap_phi_mux_tmp_int_3_phi_fu_661_p10            |    14|          3|   32|         96|
    |ap_phi_mux_tmp_int_phi_fu_703_p4               |     9|          2|   32|         64|
    |axilite_out_local_0_fu_358                     |     9|          2|   32|         64|
    |axilite_out_local_1_reg_582                    |    14|          3|   32|         96|
    |axilite_out_local_2_reg_624                    |    14|          3|   32|         96|
    |axilite_out_local_3_reg_677                    |     9|          2|   32|         64|
    |axilite_out_local_4_reg_734                    |     9|          2|   32|         64|
    |compression_buffer_address0                    |    20|          4|    9|         36|
    |compression_buffer_ce0                         |    14|          3|    1|          3|
    |compression_buffer_d0                          |    14|          3|   32|         96|
    |compression_buffer_index_fu_350                |     9|          2|   32|         64|
    |current_sample_1_fu_334                        |     9|          2|   32|         64|
    |debug_output_local_0_fu_354                    |     9|          2|   16|         32|
    |delay_buffer_address0                          |    20|          4|   17|         68|
    |delay_buffer_d0                                |    14|          3|   32|         96|
    |delay_buffer_index_fu_346                      |     9|          2|   32|         64|
    |empty_72_fu_326                                |     9|          2|   17|         34|
    |empty_75_fu_330                                |     9|          2|    7|         14|
    |empty_78_fu_338                                |     9|          2|   32|         64|
    |empty_80_reg_596                               |    14|          3|   32|         96|
    |empty_81_reg_641                               |    14|          3|   32|         96|
    |empty_82_reg_688                               |     9|          2|   32|         64|
    |empty_85_reg_745                               |     9|          2|   32|         64|
    |empty_fu_306                                   |     9|          2|    9|         18|
    |gmem_ARADDR                                    |    14|          3|   64|        192|
    |gmem_ARLEN                                     |    14|          3|   32|         96|
    |gmem_blk_n_AR                                  |     9|          2|    1|          2|
    |gmem_blk_n_R                                   |     9|          2|    1|          2|
    |grp_fu_794_ce                                  |     9|          2|    1|          2|
    |grp_fu_794_p0                                  |    14|          3|   32|         96|
    |grp_fu_794_p1                                  |    20|          4|   32|        128|
    |grp_fu_798_p0                                  |    14|          3|   32|         96|
    |grp_fu_802_ce                                  |    14|          3|    1|          3|
    |grp_fu_802_p0                                  |    31|          6|   32|        192|
    |grp_fu_814_p0                                  |    25|          5|   64|        320|
    |grp_fu_814_p1                                  |    25|          5|   64|        320|
    |grp_fu_826_p0                                  |    14|          3|   32|         96|
    |i_reg_711                                      |     9|          2|    7|         14|
    |result_2_reg_722                               |     9|          2|   23|         46|
    |tmp_int_3_reg_658                              |    20|          4|   32|        128|
    |tmp_int_7_reg_610                              |    14|          3|   32|         96|
    |tmp_int_8_reg_755                              |     9|          2|   32|         64|
    |tmp_int_reg_699                                |     9|          2|   32|         64|
    |wah_buffer_index_fu_342                        |     9|          2|   32|         64|
    |wah_values_buffer_address0                     |    20|          4|    7|         28|
    |wah_values_buffer_d0                           |    14|          3|   32|         96|
    +-----------------------------------------------+------+-----------+-----+-----------+
    |Total                                          |  2298|        450| 1369|       4232|
    +-----------------------------------------------+------+-----------+-----+-----------+

    * Register: 
    +----------------------------------------------------------+-----+----+-----+-----------+
    |                           Name                           |  FF | LUT| Bits| Const Bits|
    +----------------------------------------------------------+-----+----+-----+-----------+
    |add5_i_reg_2666                                           |   64|   0|   64|          0|
    |add_ln238_1_reg_2722                                      |    7|   0|    7|          0|
    |and_ln191_1_reg_2525                                      |    1|   0|    1|          0|
    |ap_CS_fsm                                                 |  306|   0|  306|          0|
    |axilite_out_local_0_fu_358                                |   32|   0|   32|          0|
    |axilite_out_local_1_reg_582                               |   32|   0|   32|          0|
    |axilite_out_local_2_reg_624                               |   32|   0|   32|          0|
    |axilite_out_local_3_reg_677                               |   32|   0|   32|          0|
    |axilite_out_local_4_reg_734                               |   32|   0|   32|          0|
    |compression_buffer_index_1_reg_2482                       |   32|   0|   32|          0|
    |compression_buffer_index_fu_350                           |   32|   0|   32|          0|
    |compression_max_threshold_read_reg_2179                   |   32|   0|   32|          0|
    |compression_min_threshold_read_reg_2185                   |   32|   0|   32|          0|
    |compression_zero_threshold_read_reg_2174                  |   32|   0|   32|          0|
    |control_read_reg_2207                                     |    8|   0|    8|          0|
    |conv18_i_reg_2338                                         |   32|   0|   32|          0|
    |conv2_i_reg_2333                                          |   64|   0|   64|          0|
    |conv30_i_reg_2343                                         |   32|   0|   32|          0|
    |conv7_i_i_i_reg_2327                                      |   40|   0|   40|          0|
    |conv_i2_reg_2646                                          |   64|   0|   64|          0|
    |current_sample_1_fu_334                                   |   32|   0|   32|          0|
    |current_sample_reg_2392                                   |   32|   0|   32|          0|
    |data_V_2_reg_2611                                         |   32|   0|   32|          0|
    |debug_output_local_0_fu_354                               |   16|   0|   16|          0|
    |delay_buffer_index_fu_346                                 |   32|   0|   32|          0|
    |delay_buffer_index_load_reg_2555                          |   32|   0|   32|          0|
    |delay_buffer_load_reg_2606                                |   32|   0|   32|          0|
    |delay_mult_read_reg_2169                                  |   32|   0|   32|          0|
    |delay_samples_read_reg_2164                               |   32|   0|   32|          0|
    |distortion_clip_factor_read_reg_2192                      |    8|   0|    8|          0|
    |distortion_threshold_read_reg_2197                        |   32|   0|   32|          0|
    |empty_72_fu_326                                           |   17|   0|   17|          0|
    |empty_75_fu_330                                           |    7|   0|    7|          0|
    |empty_78_fu_338                                           |   32|   0|   32|          0|
    |empty_80_reg_596                                          |   32|   0|   32|          0|
    |empty_81_reg_641                                          |   32|   0|   32|          0|
    |empty_82_reg_688                                          |   32|   0|   32|          0|
    |empty_85_reg_745                                          |   32|   0|   32|          0|
    |empty_fu_306                                              |    9|   0|    9|          0|
    |gmem_addr_1_reg_2697                                      |   64|   0|   64|          0|
    |gmem_addr_read_reg_2317                                   |   16|   0|   16|          0|
    |grp_guitar_effects_Pipeline_LPF_Loop_fu_768_ap_start_reg  |    1|   0|    1|          0|
    |grp_sin_or_cos_double_s_fu_777_ap_start_reg               |    1|   0|    1|          0|
    |i_reg_711                                                 |    7|   0|    7|          0|
    |icmp_ln174_reg_2495                                       |    1|   0|    1|          0|
    |icmp_ln182_reg_2517                                       |    1|   0|    1|          0|
    |icmp_ln192_reg_2521                                       |    1|   0|    1|          0|
    |isNeg_2_reg_2539                                          |    1|   0|    1|          0|
    |isNeg_3_reg_2621                                          |    1|   0|    1|          0|
    |isNeg_reg_2580                                            |    1|   0|    1|          0|
    |mul_ln238_reg_2692                                        |   41|   0|   41|          0|
    |negative_threshold_reg_2322                               |   32|   0|   32|          0|
    |or_ln101_reg_2500                                         |   31|   0|   32|          1|
    |or_ln111_reg_2703                                         |   31|   0|   32|          1|
    |or_ln96_reg_2397                                          |   31|   0|   32|          1|
    |p_Result_43_reg_2570                                      |    1|   0|    1|          0|
    |p_Result_44_reg_2575                                      |   23|   0|   23|          0|
    |p_Result_45_reg_2529                                      |    1|   0|    1|          0|
    |p_Result_46_reg_2534                                      |   23|   0|   23|          0|
    |p_Result_48_reg_2616                                      |   23|   0|   23|          0|
    |p_Result_49_reg_2671                                      |    1|   0|    1|          0|
    |r_V_22_reg_2418                                           |   32|   0|   32|          0|
    |r_V_33_reg_2737                                           |   32|   0|   32|          0|
    |r_V_35_reg_2455                                           |   40|   0|   40|          0|
    |r_V_36_reg_2428                                           |   40|   0|   40|          0|
    |r_V_37_reg_2752                                           |   48|   0|   48|          0|
    |r_V_reg_2413                                              |   32|   0|   32|          0|
    |reg_829                                                   |   32|   0|   32|          0|
    |reg_835                                                   |   32|   0|   32|          0|
    |reg_840                                                   |   32|   0|   32|          0|
    |reg_844                                                   |   64|   0|   64|          0|
    |reg_851                                                   |   16|   0|   16|          0|
    |result_2_reg_722                                          |   23|   0|   23|          0|
    |result_V_16_reg_2682                                      |   32|   0|   32|          0|
    |result_V_9_reg_2636                                       |   32|   0|   32|          0|
    |ret_V_12_reg_2757                                         |   16|   0|   16|          0|
    |ret_V_9_cast_reg_2433                                     |   32|   0|   32|          0|
    |ret_V_cast_reg_2460                                       |   32|   0|   32|          0|
    |sext_ln77_reg_2714                                        |    9|   0|    9|          0|
    |srem_ln210_reg_2596                                       |   17|   0|   17|          0|
    |tempo_read_reg_2159                                       |   32|   0|   32|          0|
    |tmp_11_reg_2303                                           |    1|   0|    1|          0|
    |tmp_13_reg_2307                                           |    1|   0|    1|          0|
    |tmp_2_reg_2661                                            |   64|   0|   64|          0|
    |tmp_dest_V_reg_2387                                       |    6|   0|    6|          0|
    |tmp_id_V_reg_2382                                         |    5|   0|    5|          0|
    |tmp_int_3_reg_658                                         |   32|   0|   32|          0|
    |tmp_int_7_reg_610                                         |   32|   0|   32|          0|
    |tmp_int_8_reg_755                                         |   32|   0|   32|          0|
    |tmp_int_reg_699                                           |   32|   0|   32|          0|
    |tmp_keep_V_reg_2363                                       |    4|   0|    4|          0|
    |tmp_last_V_reg_2378                                       |    1|   0|    1|          0|
    |tmp_reg_2299                                              |    1|   0|    1|          0|
    |tmp_strb_V_reg_2368                                       |    4|   0|    4|          0|
    |tmp_user_V_reg_2373                                       |    2|   0|    2|          0|
    |trunc_ln1049_1_reg_2440                                   |    7|   0|    7|          0|
    |trunc_ln1049_2_reg_2764                                   |   32|   0|   32|          0|
    |trunc_ln1049_reg_2467                                     |    7|   0|    7|          0|
    |trunc_ln23_reg_2220                                       |    1|   0|    1|          0|
    |trunc_ln65_reg_2490                                       |   10|   0|   10|          0|
    |ush_2_reg_2544                                            |    9|   0|    9|          0|
    |ush_3_reg_2626                                            |    9|   0|    9|          0|
    |ush_reg_2585                                              |    9|   0|    9|          0|
    |val_1_reg_2549                                            |   32|   0|   32|          0|
    |val_2_reg_2631                                            |   32|   0|   32|          0|
    |val_3_reg_2676                                            |   32|   0|   32|          0|
    |val_reg_2590                                              |   32|   0|   32|          0|
    |wah_buffer_index_1_reg_2709                               |   32|   0|   32|          0|
    |wah_buffer_index_fu_342                                   |   32|   0|   32|          0|
    |wah_coeffs_read_reg_2153                                  |   64|   0|   64|          0|
    |x_assign_reg_2656                                         |   64|   0|   64|          0|
    +----------------------------------------------------------+-----+----+-----+-----------+
    |Total                                                     | 3022|   0| 3025|          3|
    +----------------------------------------------------------+-----+----+-----+-----------+



================================================================
== Interface
================================================================
* Summary: 
+-------------------------+-----+-----+--------------+-------------------+--------------+
|        RTL Ports        | Dir | Bits|   Protocol   |   Source Object   |    C Type    |
+-------------------------+-----+-----+--------------+-------------------+--------------+
|s_axi_control_r_AWVALID  |   in|    1|         s_axi|          control_r|       pointer|
|s_axi_control_r_AWREADY  |  out|    1|         s_axi|          control_r|       pointer|
|s_axi_control_r_AWADDR   |   in|    7|         s_axi|          control_r|       pointer|
|s_axi_control_r_WVALID   |   in|    1|         s_axi|          control_r|       pointer|
|s_axi_control_r_WREADY   |  out|    1|         s_axi|          control_r|       pointer|
|s_axi_control_r_WDATA    |   in|   32|         s_axi|          control_r|       pointer|
|s_axi_control_r_WSTRB    |   in|    4|         s_axi|          control_r|       pointer|
|s_axi_control_r_ARVALID  |   in|    1|         s_axi|          control_r|       pointer|
|s_axi_control_r_ARREADY  |  out|    1|         s_axi|          control_r|       pointer|
|s_axi_control_r_ARADDR   |   in|    7|         s_axi|          control_r|       pointer|
|s_axi_control_r_RVALID   |  out|    1|         s_axi|          control_r|       pointer|
|s_axi_control_r_RREADY   |   in|    1|         s_axi|          control_r|       pointer|
|s_axi_control_r_RDATA    |  out|   32|         s_axi|          control_r|       pointer|
|s_axi_control_r_RRESP    |  out|    2|         s_axi|          control_r|       pointer|
|s_axi_control_r_BVALID   |  out|    1|         s_axi|          control_r|       pointer|
|s_axi_control_r_BREADY   |   in|    1|         s_axi|          control_r|       pointer|
|s_axi_control_r_BRESP    |  out|    2|         s_axi|          control_r|       pointer|
|ap_clk                   |   in|    1|  ap_ctrl_none|     guitar_effects|  return value|
|ap_rst_n                 |   in|    1|  ap_ctrl_none|     guitar_effects|  return value|
|m_axi_gmem_AWVALID       |  out|    1|         m_axi|               gmem|       pointer|
|m_axi_gmem_AWREADY       |   in|    1|         m_axi|               gmem|       pointer|
|m_axi_gmem_AWADDR        |  out|   64|         m_axi|               gmem|       pointer|
|m_axi_gmem_AWID          |  out|    1|         m_axi|               gmem|       pointer|
|m_axi_gmem_AWLEN         |  out|    8|         m_axi|               gmem|       pointer|
|m_axi_gmem_AWSIZE        |  out|    3|         m_axi|               gmem|       pointer|
|m_axi_gmem_AWBURST       |  out|    2|         m_axi|               gmem|       pointer|
|m_axi_gmem_AWLOCK        |  out|    2|         m_axi|               gmem|       pointer|
|m_axi_gmem_AWCACHE       |  out|    4|         m_axi|               gmem|       pointer|
|m_axi_gmem_AWPROT        |  out|    3|         m_axi|               gmem|       pointer|
|m_axi_gmem_AWQOS         |  out|    4|         m_axi|               gmem|       pointer|
|m_axi_gmem_AWREGION      |  out|    4|         m_axi|               gmem|       pointer|
|m_axi_gmem_AWUSER        |  out|    1|         m_axi|               gmem|       pointer|
|m_axi_gmem_WVALID        |  out|    1|         m_axi|               gmem|       pointer|
|m_axi_gmem_WREADY        |   in|    1|         m_axi|               gmem|       pointer|
|m_axi_gmem_WDATA         |  out|   32|         m_axi|               gmem|       pointer|
|m_axi_gmem_WSTRB         |  out|    4|         m_axi|               gmem|       pointer|
|m_axi_gmem_WLAST         |  out|    1|         m_axi|               gmem|       pointer|
|m_axi_gmem_WID           |  out|    1|         m_axi|               gmem|       pointer|
|m_axi_gmem_WUSER         |  out|    1|         m_axi|               gmem|       pointer|
|m_axi_gmem_ARVALID       |  out|    1|         m_axi|               gmem|       pointer|
|m_axi_gmem_ARREADY       |   in|    1|         m_axi|               gmem|       pointer|
|m_axi_gmem_ARADDR        |  out|   64|         m_axi|               gmem|       pointer|
|m_axi_gmem_ARID          |  out|    1|         m_axi|               gmem|       pointer|
|m_axi_gmem_ARLEN         |  out|    8|         m_axi|               gmem|       pointer|
|m_axi_gmem_ARSIZE        |  out|    3|         m_axi|               gmem|       pointer|
|m_axi_gmem_ARBURST       |  out|    2|         m_axi|               gmem|       pointer|
|m_axi_gmem_ARLOCK        |  out|    2|         m_axi|               gmem|       pointer|
|m_axi_gmem_ARCACHE       |  out|    4|         m_axi|               gmem|       pointer|
|m_axi_gmem_ARPROT        |  out|    3|         m_axi|               gmem|       pointer|
|m_axi_gmem_ARQOS         |  out|    4|         m_axi|               gmem|       pointer|
|m_axi_gmem_ARREGION      |  out|    4|         m_axi|               gmem|       pointer|
|m_axi_gmem_ARUSER        |  out|    1|         m_axi|               gmem|       pointer|
|m_axi_gmem_RVALID        |   in|    1|         m_axi|               gmem|       pointer|
|m_axi_gmem_RREADY        |  out|    1|         m_axi|               gmem|       pointer|
|m_axi_gmem_RDATA         |   in|   32|         m_axi|               gmem|       pointer|
|m_axi_gmem_RLAST         |   in|    1|         m_axi|               gmem|       pointer|
|m_axi_gmem_RID           |   in|    1|         m_axi|               gmem|       pointer|
|m_axi_gmem_RUSER         |   in|    1|         m_axi|               gmem|       pointer|
|m_axi_gmem_RRESP         |   in|    2|         m_axi|               gmem|       pointer|
|m_axi_gmem_BVALID        |   in|    1|         m_axi|               gmem|       pointer|
|m_axi_gmem_BREADY        |  out|    1|         m_axi|               gmem|       pointer|
|m_axi_gmem_BRESP         |   in|    2|         m_axi|               gmem|       pointer|
|m_axi_gmem_BID           |   in|    1|         m_axi|               gmem|       pointer|
|m_axi_gmem_BUSER         |   in|    1|         m_axi|               gmem|       pointer|
|INPUT_r_TDATA            |   in|   32|          axis|   INPUT_r_V_data_V|       pointer|
|INPUT_r_TVALID           |   in|    1|          axis|   INPUT_r_V_dest_V|       pointer|
|INPUT_r_TREADY           |  out|    1|          axis|   INPUT_r_V_dest_V|       pointer|
|INPUT_r_TDEST            |   in|    6|          axis|   INPUT_r_V_dest_V|       pointer|
|INPUT_r_TKEEP            |   in|    4|          axis|   INPUT_r_V_keep_V|       pointer|
|INPUT_r_TSTRB            |   in|    4|          axis|   INPUT_r_V_strb_V|       pointer|
|INPUT_r_TUSER            |   in|    2|          axis|   INPUT_r_V_user_V|       pointer|
|INPUT_r_TLAST            |   in|    1|          axis|   INPUT_r_V_last_V|       pointer|
|INPUT_r_TID              |   in|    5|          axis|     INPUT_r_V_id_V|       pointer|
|OUTPUT_r_TDATA           |  out|   32|          axis|  OUTPUT_r_V_data_V|       pointer|
|OUTPUT_r_TVALID          |  out|    1|          axis|  OUTPUT_r_V_dest_V|       pointer|
|OUTPUT_r_TREADY          |   in|    1|          axis|  OUTPUT_r_V_dest_V|       pointer|
|OUTPUT_r_TDEST           |  out|    6|          axis|  OUTPUT_r_V_dest_V|       pointer|
|OUTPUT_r_TKEEP           |  out|    4|          axis|  OUTPUT_r_V_keep_V|       pointer|
|OUTPUT_r_TSTRB           |  out|    4|          axis|  OUTPUT_r_V_strb_V|       pointer|
|OUTPUT_r_TUSER           |  out|    2|          axis|  OUTPUT_r_V_user_V|       pointer|
|OUTPUT_r_TLAST           |  out|    1|          axis|  OUTPUT_r_V_last_V|       pointer|
|OUTPUT_r_TID             |  out|    5|          axis|    OUTPUT_r_V_id_V|       pointer|
+-------------------------+-----+-----+--------------+-------------------+--------------+

