

================================================================
== Vitis HLS Report for 'guitar_effects_Pipeline_2'
================================================================
* Date:           Wed Mar 27 15:08:50 2024

* Version:        2022.1 (Build 3526262 on Mon Apr 18 15:48:16 MDT 2022)
* Project:        Guitar_Effects
* Solution:       solution1 (Vivado IP Flow Target)
* Product family: zynq
* Target device:  xc7z020-clg400-1


================================================================
== Performance Estimates
================================================================
+ Timing: 
    * Summary: 
    +--------+----------+----------+------------+
    |  Clock |  Target  | Estimated| Uncertainty|
    +--------+----------+----------+------------+
    |ap_clk  |  10.00 ns|  5.683 ns|     2.70 ns|
    +--------+----------+----------+------------+

+ Latency: 
    * Summary: 
    +---------+---------+----------+----------+-------+-------+---------+
    |  Latency (cycles) |  Latency (absolute) |    Interval   | Pipeline|
    |   min   |   max   |    min   |    max   |  min  |  max  |   Type  |
    +---------+---------+----------+----------+-------+-------+---------+
    |    44102|    44102|  0.441 ms|  0.441 ms|  44102|  44102|       no|
    +---------+---------+----------+----------+-------+-------+---------+

    + Detail: 
        * Instance: 
        N/A

        * Loop: 
        +----------+---------+---------+----------+-----------+-----------+-------+----------+
        |          |  Latency (cycles) | Iteration|  Initiation Interval  |  Trip |          |
        | Loop Name|   min   |   max   |  Latency |  achieved |   target  | Count | Pipelined|
        +----------+---------+---------+----------+-----------+-----------+-------+----------+
        |- Loop 1  |    44100|    44100|         1|          1|          1|  44100|       yes|
        +----------+---------+---------+----------+-----------+-----------+-------+----------+



================================================================
== Utilization Estimates
================================================================
* Summary: 
+-----------------+---------+-----+--------+-------+-----+
|       Name      | BRAM_18K| DSP |   FF   |  LUT  | URAM|
+-----------------+---------+-----+--------+-------+-----+
|DSP              |        -|    -|       -|      -|    -|
|Expression       |        -|    -|       0|     36|    -|
|FIFO             |        -|    -|       -|      -|    -|
|Instance         |        -|    -|       -|      -|    -|
|Memory           |        -|    -|       -|      -|    -|
|Multiplexer      |        -|    -|       -|     27|    -|
|Register         |        -|    -|      18|      -|    -|
+-----------------+---------+-----+--------+-------+-----+
|Total            |        0|    0|      18|     63|    0|
+-----------------+---------+-----+--------+-------+-----+
|Available        |      280|  220|  106400|  53200|    0|
+-----------------+---------+-----+--------+-------+-----+
|Utilization (%)  |        0|    0|      ~0|     ~0|    0|
+-----------------+---------+-----+--------+-------+-----+

+ Detail: 
    * Instance: 
    N/A

    * DSP: 
    N/A

    * Memory: 
    N/A

    * FIFO: 
    N/A

    * Expression: 
    +--------------------+----------+----+---+----+------------+------------+
    |    Variable Name   | Operation| DSP| FF| LUT| Bitwidth P0| Bitwidth P1|
    +--------------------+----------+----+---+----+------------+------------+
    |empty_23_fu_56_p2   |         +|   0|  0|  23|          16|           1|
    |exitcond1_fu_50_p2  |      icmp|   0|  0|  13|          16|          16|
    +--------------------+----------+----+---+----+------------+------------+
    |Total               |          |   0|  0|  36|          32|          17|
    +--------------------+----------+----+---+----+------------+------------+

    * Multiplexer: 
    +-------------------------+----+-----------+-----+-----------+
    |           Name          | LUT| Input Size| Bits| Total Bits|
    +-------------------------+----+-----------+-----+-----------+
    |ap_done_int              |   9|          2|    1|          2|
    |ap_sig_allocacmp_p_load  |   9|          2|   16|         32|
    |empty_fu_24              |   9|          2|   16|         32|
    +-------------------------+----+-----------+-----+-----------+
    |Total                    |  27|          6|   33|         66|
    +-------------------------+----+-----------+-----+-----------+

    * Register: 
    +-------------+----+----+-----+-----------+
    |     Name    | FF | LUT| Bits| Const Bits|
    +-------------+----+----+-----+-----------+
    |ap_CS_fsm    |   1|   0|    1|          0|
    |ap_done_reg  |   1|   0|    1|          0|
    |empty_fu_24  |  16|   0|   16|          0|
    +-------------+----+----+-----+-----------+
    |Total        |  18|   0|   18|          0|
    +-------------+----+----+-----+-----------+



================================================================
== Interface
================================================================
* Summary: 
+-----------------------+-----+-----+------------+---------------------------+--------------+
|       RTL Ports       | Dir | Bits|  Protocol  |       Source Object       |    C Type    |
+-----------------------+-----+-----+------------+---------------------------+--------------+
|ap_clk                 |   in|    1|  ap_ctrl_hs|  guitar_effects_Pipeline_2|  return value|
|ap_rst                 |   in|    1|  ap_ctrl_hs|  guitar_effects_Pipeline_2|  return value|
|ap_start               |   in|    1|  ap_ctrl_hs|  guitar_effects_Pipeline_2|  return value|
|ap_done                |  out|    1|  ap_ctrl_hs|  guitar_effects_Pipeline_2|  return value|
|ap_idle                |  out|    1|  ap_ctrl_hs|  guitar_effects_Pipeline_2|  return value|
|ap_ready               |  out|    1|  ap_ctrl_hs|  guitar_effects_Pipeline_2|  return value|
|delay_buffer_address0  |  out|   16|   ap_memory|               delay_buffer|         array|
|delay_buffer_ce0       |  out|    1|   ap_memory|               delay_buffer|         array|
|delay_buffer_we0       |  out|    1|   ap_memory|               delay_buffer|         array|
|delay_buffer_d0        |  out|   16|   ap_memory|               delay_buffer|         array|
+-----------------------+-----+-----+------------+---------------------------+--------------+

