

================================================================
== Vitis HLS Report for 'sin_or_cos_double_s'
================================================================
* Date:           Tue Apr 16 21:49:39 2024

* Version:        2022.1 (Build 3526262 on Mon Apr 18 15:48:16 MDT 2022)
* Project:        Guitar_Effects
* Solution:       solution1 (Vivado IP Flow Target)
* Product family: zynq
* Target device:  xc7z020-clg400-1


================================================================
== Performance Estimates
================================================================
+ Timing: 
    * Summary: 
    +--------+----------+-----------+------------+
    |  Clock |  Target  | Estimated | Uncertainty|
    +--------+----------+-----------+------------+
    |ap_clk  |  15.00 ns|  10.947 ns|     4.05 ns|
    +--------+----------+-----------+------------+

+ Latency: 
    * Summary: 
    +---------+---------+----------+----------+-----+-----+---------+
    |  Latency (cycles) |  Latency (absolute) |  Interval | Pipeline|
    |   min   |   max   |    min   |    max   | min | max |   Type  |
    +---------+---------+----------+----------+-----+-----+---------+
    |       26|       34|  0.390 us|  0.510 us|   26|   34|       no|
    +---------+---------+----------+----------+-----+-----+---------+

    + Detail: 
        * Instance: 
        N/A

        * Loop: 
        +----------+---------+---------+----------+-----------+-----------+-------+----------+
        |          |  Latency (cycles) | Iteration|  Initiation Interval  |  Trip |          |
        | Loop Name|   min   |   max   |  Latency |  achieved |   target  | Count | Pipelined|
        +----------+---------+---------+----------+-----------+-----------+-------+----------+
        |- Loop 1  |        6|        6|         2|          -|          -|      3|        no|
        |- Loop 2  |        4|        4|         1|          -|          -|      4|        no|
        |- Loop 3  |        2|        9|         2|          -|          -|  1 ~ 4|        no|
        +----------+---------+---------+----------+-----------+-----------+-------+----------+



================================================================
== Utilization Estimates
================================================================
* Summary: 
+-----------------+---------+-----+--------+-------+-----+
|       Name      | BRAM_18K| DSP |   FF   |  LUT  | URAM|
+-----------------+---------+-----+--------+-------+-----+
|DSP              |        -|    -|       -|      -|    -|
|Expression       |        -|    -|       0|   3937|    -|
|FIFO             |        -|    -|       -|      -|    -|
|Instance         |        -|   54|     898|    951|    -|
|Memory           |        8|    -|     213|    852|    -|
|Multiplexer      |        -|    -|       -|    177|    -|
|Register         |        -|    -|    2336|      -|    -|
+-----------------+---------+-----+--------+-------+-----+
|Total            |        8|   54|    3447|   5917|    0|
+-----------------+---------+-----+--------+-------+-----+
|Available        |      280|  220|  106400|  53200|    0|
+-----------------+---------+-----+--------+-------+-----+
|Utilization (%)  |        2|   24|       3|     11|    0|
+-----------------+---------+-----+--------+-------+-----+

+ Detail: 
    * Instance: 
    +--------------------------+-----------------------+---------+----+-----+-----+-----+
    |         Instance         |         Module        | BRAM_18K| DSP|  FF | LUT | URAM|
    +--------------------------+-----------------------+---------+----+-----+-----+-----+
    |mul_170s_53ns_170_2_1_U1  |mul_170s_53ns_170_2_1  |        0|  18|  361|  195|    0|
    |mul_35ns_25ns_60_1_1_U9   |mul_35ns_25ns_60_1_1   |        0|   2|    0|   23|    0|
    |mul_42ns_33ns_75_1_1_U8   |mul_42ns_33ns_75_1_1   |        0|   4|    0|   23|    0|
    |mul_49ns_44s_93_1_1_U7    |mul_49ns_44s_93_1_1    |        0|   4|    0|   21|    0|
    |mul_49ns_49ns_98_1_1_U3   |mul_49ns_49ns_98_1_1   |        0|   4|    0|   21|    0|
    |mul_49ns_49ns_98_1_1_U4   |mul_49ns_49ns_98_1_1   |        0|   4|    0|   21|    0|
    |mul_49ns_49ns_98_1_1_U5   |mul_49ns_49ns_98_1_1   |        0|   4|    0|   21|    0|
    |mul_56ns_52s_108_2_1_U6   |mul_56ns_52s_108_2_1   |        0|   5|  176|  219|    0|
    |mul_64s_63ns_126_2_1_U10  |mul_64s_63ns_126_2_1   |        0|   9|  361|  195|    0|
    |mux_164_1_1_1_U13         |mux_164_1_1_1          |        0|   0|    0|   65|    0|
    |mux_164_1_1_1_U14         |mux_164_1_1_1          |        0|   0|    0|   65|    0|
    |mux_42_32_1_1_U11         |mux_42_32_1_1          |        0|   0|    0|   20|    0|
    |mux_42_32_1_1_U12         |mux_42_32_1_1          |        0|   0|    0|   20|    0|
    |mux_83_1_1_1_U2           |mux_83_1_1_1           |        0|   0|    0|   42|    0|
    +--------------------------+-----------------------+---------+----+-----+-----+-----+
    |Total                     |                       |        0|  54|  898|  951|    0|
    +--------------------------+-----------------------+---------+----+-----+-----+-----+

    * DSP: 
    N/A

    * Memory: 
    +------------------------------------+-----------------------------------------------------------------------+---------+----+-----+-----+------+-----+------+-------------+
    |               Memory               |                                 Module                                | BRAM_18K| FF | LUT | URAM| Words| Bits| Banks| W*Bits*Banks|
    +------------------------------------+-----------------------------------------------------------------------+---------+----+-----+-----+------+-----+------+-------------+
    |fourth_order_double_sin_cos_K0_V_U  |sin_or_cos_double_s_fourth_order_double_sin_cos_K0_V_ROM_1P_LUTRAM_1R  |        0|  59|  236|    0|   256|   59|     1|        15104|
    |fourth_order_double_sin_cos_K1_V_U  |sin_or_cos_double_s_fourth_order_double_sin_cos_K1_V_ROM_1P_LUTRAM_1R  |        0|  52|  208|    0|   256|   52|     1|        13312|
    |fourth_order_double_sin_cos_K2_V_U  |sin_or_cos_double_s_fourth_order_double_sin_cos_K2_V_ROM_1P_LUTRAM_1R  |        0|  44|  176|    0|   256|   44|     1|        11264|
    |fourth_order_double_sin_cos_K3_V_U  |sin_or_cos_double_s_fourth_order_double_sin_cos_K3_V_ROM_1P_LUTRAM_1R  |        0|  33|  132|    0|   256|   33|     1|         8448|
    |fourth_order_double_sin_cos_K4_V_U  |sin_or_cos_double_s_fourth_order_double_sin_cos_K4_V_ROM_1P_LUTRAM_1R  |        0|  25|  100|    0|   256|   25|     1|         6400|
    |ref_4oPi_table_256_V_U              |sin_or_cos_double_s_ref_4oPi_table_256_V_ROM_AUTO_1R                   |        8|   0|    0|    0|    10|  256|     1|         2560|
    +------------------------------------+-----------------------------------------------------------------------+---------+----+-----+-----+------+-----+------+-------------+
    |Total                               |                                                                       |        8| 213|  852|    0|  1290|  469|     6|        57088|
    +------------------------------------+-----------------------------------------------------------------------+---------+----+-----+-----+------+-----+------+-------------+

    * FIFO: 
    N/A

    * Expression: 
    +-----------------------------+----------+----+---+-----+------------+------------+
    |        Variable Name        | Operation| DSP| FF| LUT | Bitwidth P0| Bitwidth P1|
    +-----------------------------+----------+----+---+-----+------------+------------+
    |Ex_V_fu_595_p2               |         +|   0|  0|   12|          11|          11|
    |add_ln214_fu_414_p2          |         +|   0|  0|   12|          11|          11|
    |add_ln443_fu_1160_p2         |         +|   0|  0|   11|           3|           1|
    |add_ln450_fu_1267_p2         |         +|   0|  0|   11|           3|           1|
    |add_ln461_fu_1370_p2         |         +|   0|  0|   12|          12|          10|
    |i_5_fu_980_p2                |         +|   0|  0|   10|           2|           1|
    |ret_V_6_fu_916_p2            |         +|   0|  0|   64|          64|          64|
    |ret_V_7_fu_925_p2            |         +|   0|  0|   64|          64|          64|
    |ret_V_8_fu_934_p2            |         +|   0|  0|   64|          64|          64|
    |ret_V_fu_943_p2              |         +|   0|  0|   64|          64|          64|
    |shift_3_fu_1325_p2           |         +|   0|  0|   39|          32|          32|
    |Ex_V_3_fu_628_p2             |         -|   0|  0|   12|          11|          11|
    |Mx_bits_V_1_fu_531_p2        |         -|   0|  0|  131|           1|         124|
    |newexp_fu_1379_p2            |         -|   0|  0|   39|          32|          32|
    |sub_ln1512_1_fu_1311_p2      |         -|   0|  0|   39|           1|          32|
    |sub_ln1512_fu_646_p2         |         -|   0|  0|   12|           1|          12|
    |sub_ln433_fu_994_p2          |         -|   0|  0|   14|           6|           6|
    |sub_ln594_1_fu_1021_p2       |         -|   0|  0|   14|           6|           6|
    |sub_ln594_2_fu_1027_p2       |         -|   0|  0|   14|           3|           6|
    |sub_ln594_3_fu_1033_p2       |         -|   0|  0|   14|           6|           6|
    |sub_ln594_4_fu_1062_p2       |         -|   0|  0|   14|           3|           6|
    |sub_ln594_fu_1000_p2         |         -|   0|  0|   14|           3|           6|
    |and_ln300_1_fu_1547_p2       |       and|   0|  0|    2|           1|           1|
    |and_ln300_fu_1517_p2         |       and|   0|  0|    2|           1|           1|
    |p_Result_23_fu_1115_p2       |       and|   0|  0|   63|          63|          63|
    |p_Result_s_fu_525_p2         |       and|   0|  0|    2|           1|           1|
    |results_sign_V_1_fu_1534_p2  |       and|   0|  0|    2|           1|           1|
    |r_V_15_fu_1333_p2            |      ashr|   0|  0|  179|          63|          63|
    |closepath_fu_404_p2          |      icmp|   0|  0|   11|          11|          10|
    |icmp_ln1019_1_fu_1512_p2     |      icmp|   0|  0|   24|          52|           1|
    |icmp_ln1019_2_fu_1523_p2     |      icmp|   0|  0|   11|          11|           2|
    |icmp_ln1019_fu_1507_p2       |      icmp|   0|  0|   11|          11|           1|
    |icmp_ln1653_fu_1393_p2       |      icmp|   0|  0|   28|          63|           1|
    |icmp_ln430_fu_974_p2         |      icmp|   0|  0|    8|           2|           2|
    |icmp_ln443_fu_1154_p2        |      icmp|   0|  0|    9|           3|           4|
    |icmp_ln450_fu_1261_p2        |      icmp|   0|  0|    9|           3|           4|
    |icmp_ln453_fu_1351_p2        |      icmp|   0|  0|   18|          32|           5|
    |icmp_ln594_fu_1006_p2        |      icmp|   0|  0|   10|           6|           6|
    |lshr_ln594_1_fu_1109_p2      |      lshr|   0|  0|  179|           2|          63|
    |lshr_ln594_fu_1072_p2        |      lshr|   0|  0|  179|          63|          63|
    |r_V_fu_668_p2                |      lshr|   0|  0|  179|          63|          63|
    |or_ln300_fu_1567_p2          |        or|   0|  0|    2|           1|           1|
    |or_ln462_fu_1398_p2          |        or|   0|  0|    2|           1|           1|
    |Ex_V_4_fu_1078_p3            |    select|   0|  0|   11|           1|           1|
    |Mx_V_2_fu_896_p3             |    select|   0|  0|   63|           1|           2|
    |Mx_bits_V_3_fu_536_p3        |    select|   0|  0|  124|           1|         124|
    |addr_fu_420_p3               |    select|   0|  0|   11|           1|           7|
    |k_V_1_fu_514_p3              |    select|   0|  0|    3|           1|           1|
    |r_V_19_fu_680_p3             |    select|   0|  0|   63|           1|          63|
    |r_V_20_fu_1343_p3            |    select|   0|  0|   63|           1|          63|
    |results_exp_V_fu_1581_p3     |    select|   0|  0|   11|           1|          11|
    |results_sig_V_fu_1605_p3     |    select|   0|  0|   52|           1|          52|
    |results_sign_V_2_fu_1540_p3  |    select|   0|  0|    2|           1|           1|
    |results_sign_V_fu_1500_p3    |    select|   0|  0|    2|           1|           1|
    |select_ln300_1_fu_1573_p3    |    select|   0|  0|   11|           1|           1|
    |select_ln300_2_fu_1559_p3    |    select|   0|  0|    2|           1|           2|
    |select_ln300_3_fu_1597_p3    |    select|   0|  0|   52|           1|           1|
    |select_ln300_5_fu_1589_p3    |    select|   0|  0|    2|           1|           2|
    |select_ln482_fu_600_p3       |    select|   0|  0|   11|           1|          11|
    |select_ln594_1_fu_1047_p3    |    select|   0|  0|   63|           1|          63|
    |select_ln594_2_fu_1054_p3    |    select|   0|  0|    6|           1|           6|
    |select_ln594_fu_1039_p3      |    select|   0|  0|    6|           1|           6|
    |ush_1_fu_1317_p3             |    select|   0|  0|   32|           1|          32|
    |ush_fu_652_p3                |    select|   0|  0|   12|           1|          12|
    |r_V_16_fu_1338_p2            |       shl|   0|  0|  179|          63|          63|
    |r_V_18_fu_455_p2             |       shl|   0|  0|  950|         256|         256|
    |r_V_2_fu_674_p2              |       shl|   0|  0|  179|          63|          63|
    |r_fu_613_p2                  |       shl|   0|  0|  409|         124|         124|
    |sin_basis_fu_752_p2          |       xor|   0|  0|    2|           1|           2|
    |xor_ln1027_fu_520_p2         |       xor|   0|  0|    2|           1|           2|
    |xor_ln300_fu_1553_p2         |       xor|   0|  0|    2|           2|           1|
    |xor_ln311_fu_1528_p2         |       xor|   0|  0|    2|           1|           2|
    +-----------------------------+----------+----+---+-----+------------+------------+
    |Total                        |          |   0|  0| 3937|        1389|        1902|
    +-----------------------------+----------+----+---+-----+------------+------------+

    * Multiplexer: 
    +--------------------------------------------+----+-----------+-----+-----------+
    |                    Name                    | LUT| Input Size| Bits| Total Bits|
    +--------------------------------------------+----+-----------+-----+-----------+
    |add_i285_lcssa_reg_360                      |   9|          2|   32|         64|
    |ap_NS_fsm                                   |  87|         18|    1|         18|
    |ap_phi_mux_add_i285_lcssa_phi_fu_363_p4     |   9|          2|   32|         64|
    |ap_phi_mux_p_Result_30_in_in_phi_fu_372_p4  |   9|          2|   63|        126|
    |ap_return                                   |   9|          2|   64|        128|
    |i_1_fu_244                                  |   9|          2|    3|          6|
    |i_3_fu_264                                  |   9|          2|    3|          6|
    |i_fu_228                                    |   9|          2|    2|          4|
    |in_shift_V_fu_268                           |   9|          2|   63|        126|
    |p_Result_30_in_in_reg_369                   |   9|          2|   63|        126|
    |shift_fu_272                                |   9|          2|   32|         64|
    +--------------------------------------------+----+-----------+-----+-----------+
    |Total                                       | 177|         38|  358|        732|
    +--------------------------------------------+----+-----------+-----+-----------+

    * Register: 
    +------------------------------------------------+-----+----+-----+-----------+
    |                      Name                      |  FF | LUT| Bits| Const Bits|
    +------------------------------------------------+-----+----+-----+-----------+
    |B_V_reg_1750                                    |   56|   0|   56|          0|
    |B_squared_V_reg_1772                            |   49|   0|   49|          0|
    |B_trunc_reg_1755                                |   49|   0|   49|          0|
    |Ex_V_3_reg_1740                                 |   11|   0|   11|          0|
    |Ex_V_4_reg_1950                                 |   11|   0|   11|          0|
    |Med_V_reg_1692                                  |  170|   0|  170|          0|
    |Mx_V_2_reg_1864                                 |   63|   0|   63|          0|
    |Mx_V_reg_1735                                   |   63|   0|   63|          0|
    |Mx_bits_V_3_reg_1724                            |  124|   0|  124|          0|
    |Mx_bits_V_reg_1707                              |  124|   0|  124|          0|
    |Mx_zeros_reg_1729                               |    7|   0|    7|          0|
    |add_i285_lcssa_reg_360                          |   32|   0|   32|          0|
    |add_ln450_reg_2002                              |    3|   0|    3|          0|
    |ap_CS_fsm                                       |   17|   0|   17|          0|
    |ap_return_preg                                  |   64|   0|   64|          0|
    |c_3_1_fu_252                                    |   32|   0|   32|          0|
    |c_3_2_fu_256                                    |   32|   0|   32|          0|
    |c_3_3_fu_260                                    |   32|   0|   32|          0|
    |c_3_fu_248                                      |   32|   0|   32|          0|
    |closepath_reg_1670                              |    1|   0|    1|          0|
    |cos_basis_reg_1760                              |    1|   0|    1|          0|
    |din_exp_V_reg_1658                              |   11|   0|   11|          0|
    |din_sig_V_reg_1665                              |   52|   0|   52|          0|
    |fourth_order_double_sin_cos_K0_V_load_reg_1839  |   59|   0|   59|          0|
    |fourth_order_double_sin_cos_K2_V_load_reg_1814  |   44|   0|   44|          0|
    |fourth_order_double_sin_cos_K3_V_load_reg_1824  |   33|   0|   33|          0|
    |i_1_fu_244                                      |    3|   0|    3|          0|
    |i_2_reg_1897                                    |    2|   0|    2|          0|
    |i_3_fu_264                                      |    3|   0|    3|          0|
    |i_5_reg_1904                                    |    2|   0|    2|          0|
    |i_fu_228                                        |    2|   0|    2|          0|
    |icmp_ln450_reg_1998                             |    1|   0|    1|          0|
    |in_shift_V_fu_268                               |   63|   0|   63|          0|
    |isNeg_1_reg_2013                                |    1|   0|    1|          0|
    |k_V_1_reg_1718                                  |    3|   0|    3|          0|
    |k_V_reg_1713                                    |    3|   0|    3|          0|
    |lshr_ln594_reg_1914                             |   48|   0|   63|         15|
    |out_bits_V_2_1_fu_236                           |   16|   0|   32|         16|
    |out_bits_V_2_2_fu_240                           |   16|   0|   32|         16|
    |out_bits_V_2_fu_232                             |   16|   0|   32|         16|
    |p_Result_17_reg_1652                            |    1|   0|    1|          0|
    |p_Result_18_reg_1677                            |   52|   0|   52|          0|
    |p_Result_24_reg_1955                            |   15|   0|   32|         17|
    |p_Result_30_in_in_reg_369                       |   63|   0|   63|          0|
    |r_V_14_reg_1884                                 |  126|   0|  126|          0|
    |result_V_reg_1890                               |   63|   0|   63|          0|
    |ret_V_5_reg_1702                                |  170|   0|  170|          0|
    |ret_V_reg_1869                                  |   64|   0|   64|          0|
    |rhs_1_reg_1844                                  |   56|   0|   56|          0|
    |rhs_2_reg_1849                                  |   48|   0|   48|          0|
    |rhs_4_reg_1854                                  |   29|   0|   29|          0|
    |sext_ln186_reg_1987                             |   12|   0|   12|          0|
    |sh_assign_2_reg_2007                            |   32|   0|   32|          0|
    |shift_fu_272                                    |   32|   0|   32|          0|
    |sub_ln594_4_reg_1909                            |    5|   0|    6|          1|
    |tmp_2_reg_1745                                  |    7|   0|    7|          0|
    |trunc_ln1270_1_reg_1829                         |   35|   0|   35|          0|
    |trunc_ln1_reg_1819                              |   42|   0|   42|          0|
    |trunc_ln2_reg_1859                              |   37|   0|   37|          0|
    |trunc_ln628_reg_1687                            |    7|   0|    7|          0|
    |ush_1_reg_2018                                  |   32|   0|   32|          0|
    |zext_ln1271_reg_1767                            |   49|   0|   98|         49|
    |zext_ln541_reg_1778                             |    8|   0|   64|         56|
    +------------------------------------------------+-----+----+-----+-----------+
    |Total                                           | 2336|   0| 2522|        186|
    +------------------------------------------------+-----+----+-----+-----------+



================================================================
== Interface
================================================================
* Summary: 
+-----------+-----+-----+------------+--------------------+--------------+
| RTL Ports | Dir | Bits|  Protocol  |    Source Object   |    C Type    |
+-----------+-----+-----+------------+--------------------+--------------+
|ap_clk     |   in|    1|  ap_ctrl_hs|  sin_or_cos<double>|  return value|
|ap_rst     |   in|    1|  ap_ctrl_hs|  sin_or_cos<double>|  return value|
|ap_start   |   in|    1|  ap_ctrl_hs|  sin_or_cos<double>|  return value|
|ap_done    |  out|    1|  ap_ctrl_hs|  sin_or_cos<double>|  return value|
|ap_idle    |  out|    1|  ap_ctrl_hs|  sin_or_cos<double>|  return value|
|ap_ready   |  out|    1|  ap_ctrl_hs|  sin_or_cos<double>|  return value|
|ap_return  |  out|   64|  ap_ctrl_hs|  sin_or_cos<double>|  return value|
|t_in       |   in|   64|     ap_none|                t_in|        scalar|
+-----------+-----+-----+------------+--------------------+--------------+

