

================================================================
== Vitis HLS Report for 'wah'
================================================================
* Date:           Thu Apr 25 12:54:25 2024

* Version:        2022.1 (Build 3526262 on Mon Apr 18 15:48:16 MDT 2022)
* Project:        Guitar_Effects
* Solution:       solution1 (Vivado IP Flow Target)
* Product family: zynq
* Target device:  xc7z020-clg400-1


================================================================
== Performance Estimates
================================================================
+ Timing: 
    * Summary: 
    +--------+----------+----------+------------+
    |  Clock |  Target  | Estimated| Uncertainty|
    +--------+----------+----------+------------+
    |ap_clk  |  10.00 ns|  7.300 ns|     2.70 ns|
    +--------+----------+----------+------------+

+ Latency: 
    * Summary: 
    +---------+---------+-----------+-----------+------+------+---------+
    |  Latency (cycles) |   Latency (absolute)  |   Interval  | Pipeline|
    |   min   |   max   |    min    |    max    |  min |  max |   Type  |
    +---------+---------+-----------+-----------+------+------+---------+
    |     3738|     3738|  37.380 us|  37.380 us|  3738|  3738|       no|
    +---------+---------+-----------+-----------+------+------+---------+

    + Detail: 
        * Instance: 
        N/A

        * Loop: 
        +------------+---------+---------+----------+-----------+-----------+------+----------+
        |            |  Latency (cycles) | Iteration|  Initiation Interval  | Trip |          |
        |  Loop Name |   min   |   max   |  Latency |  achieved |   target  | Count| Pipelined|
        +------------+---------+---------+----------+-----------+-----------+------+----------+
        |- WAH_LOOP  |     3700|     3700|        37|          -|          -|   100|        no|
        +------------+---------+---------+----------+-----------+-----------+------+----------+



================================================================
== Utilization Estimates
================================================================
* Summary: 
+-----------------+---------+-----+--------+-------+-----+
|       Name      | BRAM_18K| DSP |   FF   |  LUT  | URAM|
+-----------------+---------+-----+--------+-------+-----+
|DSP              |        -|    -|       -|      -|    -|
|Expression       |        -|    -|       0|   2017|    -|
|FIFO             |        -|    -|       -|      -|    -|
|Instance         |        -|    3|     887|    531|    -|
|Memory           |        -|    -|       -|      -|    -|
|Multiplexer      |        -|    -|       -|    433|    -|
|Register         |        -|    -|     773|      -|    -|
+-----------------+---------+-----+--------+-------+-----+
|Total            |        0|    3|    1660|   2981|    0|
+-----------------+---------+-----+--------+-------+-----+
|Available        |      280|  220|  106400|  53200|    0|
+-----------------+---------+-----+--------+-------+-----+
|Utilization (%)  |        0|    1|       1|      5|    0|
+-----------------+---------+-----+--------+-------+-----+

+ Detail: 
    * Instance: 
    +-------------------------------+---------------------------+---------+----+-----+-----+-----+
    |            Instance           |           Module          | BRAM_18K| DSP|  FF | LUT | URAM|
    +-------------------------------+---------------------------+---------+----+-----+-----+-----+
    |mul_32s_34ns_65_2_1_U14        |mul_32s_34ns_65_2_1        |        0|   3|  173|   54|    0|
    |mul_5s_10ns_15_1_1_U17         |mul_5s_10ns_15_1_1         |        0|   0|    0|   63|    0|
    |srem_16ns_5ns_5_20_seq_1_U15   |srem_16ns_5ns_5_20_seq_1   |        0|   0|  202|  123|    0|
    |srem_32ns_8ns_32_36_seq_1_U13  |srem_32ns_8ns_32_36_seq_1  |        0|   0|  394|  238|    0|
    |srem_9ns_8ns_7_13_seq_1_U16    |srem_9ns_8ns_7_13_seq_1    |        0|   0|  118|   53|    0|
    +-------------------------------+---------------------------+---------+----+-----+-----+-----+
    |Total                          |                           |        0|   3|  887|  531|    0|
    +-------------------------------+---------------------------+---------+----+-----+-----+-----+

    * DSP: 
    N/A

    * Memory: 
    N/A

    * FIFO: 
    N/A

    * Expression: 
    +--------------------------+----------+----+---+-----+------------+------------+
    |       Variable Name      | Operation| DSP| FF| LUT | Bitwidth P0| Bitwidth P1|
    +--------------------------+----------+----+---+-----+------------+------------+
    |add_ln1136_1_fu_541_p2    |         +|   0|  0|   64|          64|          64|
    |add_ln1136_fu_536_p2      |         +|   0|  0|   64|          64|          64|
    |add_ln1159_fu_726_p2      |         +|   0|  0|   39|          32|           6|
    |add_ln1170_fu_805_p2      |         +|   0|  0|    8|           8|           8|
    |add_ln237_fu_418_p2       |         +|   0|  0|   14|           7|           1|
    |add_ln239_fu_395_p2       |         +|   0|  0|   15|           8|           7|
    |add_ln346_fu_470_p2       |         +|   0|  0|   14|           9|           8|
    |grp_fu_308_p0             |         +|   0|  0|   39|          32|           1|
    |lsb_index_fu_623_p2       |         +|   0|  0|   39|          32|           6|
    |m_3_fu_766_p2             |         +|   0|  0|   71|          64|          64|
    |grp_fu_429_p0             |         -|   0|  0|   14|           9|           9|
    |result_V_2_fu_910_p2      |         -|   0|  0|   39|           1|          32|
    |sub_ln1145_fu_609_p2      |         -|   0|  0|   39|           6|          32|
    |sub_ln1148_fu_644_p2      |         -|   0|  0|   14|           4|           6|
    |sub_ln1160_fu_741_p2      |         -|   0|  0|   39|           5|          32|
    |sub_ln1165_fu_800_p2      |         -|   0|  0|    8|           4|           8|
    |sub_ln1512_fu_484_p2      |         -|   0|  0|   15|           7|           8|
    |sub_ln226_1_fu_343_p2     |         -|   0|  0|   72|           1|          65|
    |sub_ln226_2_fu_364_p2     |         -|   0|  0|   23|           1|          16|
    |sub_ln226_fu_288_p2       |         -|   0|  0|   39|          32|          32|
    |tmp_V_fu_580_p2           |         -|   0|  0|   39|           1|          32|
    |a_fu_670_p2               |       and|   0|  0|    2|           1|           1|
    |and_ln1150_fu_697_p2      |       and|   0|  0|    2|           1|           1|
    |p_Result_s_fu_659_p2      |       and|   0|  0|   32|          32|          32|
    |icmp_ln1136_fu_575_p2     |      icmp|   0|  0|   18|          32|           1|
    |icmp_ln1147_fu_638_p2     |      icmp|   0|  0|   17|          31|           1|
    |icmp_ln1148_fu_664_p2     |      icmp|   0|  0|   18|          32|           1|
    |icmp_ln1159_fu_717_p2     |      icmp|   0|  0|   18|          32|           1|
    |icmp_ln237_fu_412_p2      |      icmp|   0|  0|   10|           7|           6|
    |lshr_ln1148_fu_653_p2     |      lshr|   0|  0|  100|           2|          32|
    |lshr_ln1159_fu_735_p2     |      lshr|   0|  0|  182|          64|          64|
    |r_V_fu_869_p2             |      lshr|   0|  0|  242|          79|          79|
    |or_ln1150_fu_703_p2       |        or|   0|  0|    2|           1|           1|
    |m_2_fu_756_p3             |    select|   0|  0|   64|           1|          64|
    |result_V_fu_915_p3        |    select|   0|  0|   32|           1|          32|
    |select_ln1136_fu_838_p3   |    select|   0|  0|   32|           1|           1|
    |select_ln1144_fu_793_p3   |    select|   0|  0|    7|           1|           7|
    |select_ln226_1_fu_370_p3  |    select|   0|  0|   16|           1|          16|
    |select_ln226_fu_358_p3    |    select|   0|  0|   16|           1|          16|
    |tmp_V_2_fu_585_p3         |    select|   0|  0|   32|           1|          32|
    |ush_fu_494_p3             |    select|   0|  0|    9|           1|           9|
    |val_fu_903_p3             |    select|   0|  0|   32|           1|          32|
    |r_V_1_fu_875_p2           |       shl|   0|  0|  242|          79|          79|
    |shl_ln1160_fu_750_p2      |       shl|   0|  0|  182|          64|          64|
    |xor_ln1150_fu_684_p2      |       xor|   0|  0|    2|           1|           2|
    +--------------------------+----------+----+---+-----+------------+------------+
    |Total                     |          |   0|  0| 2017|         858|        1075|
    +--------------------------+----------+----+---+-----+------------+------------+

    * Multiplexer: 
    +--------------------------------+-----+-----------+-----+-----------+
    |              Name              | LUT | Input Size| Bits| Total Bits|
    +--------------------------------+-----+-----------+-----+-----------+
    |ap_NS_fsm                       |  369|         76|    1|         76|
    |control_signal_buffer_address0  |   14|          3|    7|         21|
    |gmem_blk_n_AR                   |    9|          2|    1|          2|
    |gmem_blk_n_R                    |    9|          2|    1|          2|
    |i_fu_170                        |    9|          2|    7|         14|
    |temp_result_fu_166              |    9|          2|   32|         64|
    |wah_values_buffer_address0      |   14|          3|    7|         21|
    +--------------------------------+-----+-----------+-----+-----------+
    |Total                           |  433|         90|   56|        200|
    +--------------------------------+-----+-----------+-----+-----------+

    * Register: 
    +---------------------------------+----+----+-----+-----------+
    |               Name              | FF | LUT| Bits| Const Bits|
    +---------------------------------+----+----+-----+-----------+
    |ap_CS_fsm                        |  75|   0|   75|          0|
    |conv_reg_1124                    |  32|   0|   32|          0|
    |gmem_addr_reg_1056               |  64|   0|   64|          0|
    |i_1_reg_1003                     |   7|   0|    7|          0|
    |i_fu_170                         |   7|   0|    7|          0|
    |icmp_ln1136_reg_1075             |   1|   0|    1|          0|
    |icmp_ln1159_reg_1109             |   1|   0|    1|          0|
    |isNeg_reg_1026                   |   1|   0|    1|          0|
    |m_4_reg_1114                     |  63|   0|   63|          0|
    |mul_ln1136_reg_1051              |  15|   0|   15|          0|
    |mul_ln226_reg_972                |  65|   0|   65|          0|
    |mul_reg_1134                     |  32|   0|   32|          0|
    |or_ln_reg_1104                   |   1|   0|    2|          1|
    |p_Result_2_reg_1119              |   1|   0|    1|          0|
    |p_Result_4_reg_1069              |   1|   0|    1|          0|
    |p_Result_7_reg_1016              |   1|   0|    1|          0|
    |p_Result_8_reg_1021              |  23|   0|   23|          0|
    |p_Val2_2_reg_1062                |  32|   0|   32|          0|
    |select_ln1136_reg_1129           |  32|   0|   32|          0|
    |select_ln226_1_reg_983           |  16|   0|   16|          0|
    |srem_ln230_reg_993               |  32|   0|   32|          0|
    |sub_ln1145_reg_1087              |  32|   0|   32|          0|
    |sub_ln226_reg_951                |  31|   0|   32|          1|
    |temp_result_1_reg_1144           |  32|   0|   32|          0|
    |temp_result_fu_166               |  32|   0|   32|          0|
    |tmp_3_reg_977                    |  16|   0|   16|          0|
    |tmp_V_2_reg_1080                 |  32|   0|   32|          0|
    |tmp_reg_956                      |   1|   0|    1|          0|
    |trunc_ln1144_reg_1099            |   8|   0|    8|          0|
    |trunc_ln1148_reg_1094            |   6|   0|    6|          0|
    |ush_reg_1031                     |   9|   0|    9|          0|
    |val_reg_1149                     |  32|   0|   32|          0|
    |wah_values_buffer_load_reg_1046  |  32|   0|   32|          0|
    |zext_ln237_reg_998               |   8|   0|    9|          1|
    +---------------------------------+----+----+-----+-----------+
    |Total                            | 773|   0|  776|          3|
    +---------------------------------+----+----+-----+-----------+



================================================================
== Interface
================================================================
* Summary: 
+--------------------------------+-----+-----+------------+-----------------------+--------------+
|            RTL Ports           | Dir | Bits|  Protocol  |     Source Object     |    C Type    |
+--------------------------------+-----+-----+------------+-----------------------+--------------+
|ap_clk                          |   in|    1|  ap_ctrl_hs|                    wah|  return value|
|ap_rst                          |   in|    1|  ap_ctrl_hs|                    wah|  return value|
|ap_start                        |   in|    1|  ap_ctrl_hs|                    wah|  return value|
|ap_done                         |  out|    1|  ap_ctrl_hs|                    wah|  return value|
|ap_idle                         |  out|    1|  ap_ctrl_hs|                    wah|  return value|
|ap_ready                        |  out|    1|  ap_ctrl_hs|                    wah|  return value|
|ap_return_0                     |  out|   32|  ap_ctrl_hs|                    wah|  return value|
|ap_return_1                     |  out|   32|  ap_ctrl_hs|                    wah|  return value|
|grp_fu_2119_p_din0              |  out|   32|  ap_ctrl_hs|                    wah|  return value|
|grp_fu_2119_p_din1              |  out|   32|  ap_ctrl_hs|                    wah|  return value|
|grp_fu_2119_p_opcode            |  out|    2|  ap_ctrl_hs|                    wah|  return value|
|grp_fu_2119_p_dout0             |   in|   32|  ap_ctrl_hs|                    wah|  return value|
|grp_fu_2119_p_ce                |  out|    1|  ap_ctrl_hs|                    wah|  return value|
|grp_fu_594_p_din0               |  out|   32|  ap_ctrl_hs|                    wah|  return value|
|grp_fu_594_p_din1               |  out|   32|  ap_ctrl_hs|                    wah|  return value|
|grp_fu_594_p_dout0              |   in|   32|  ap_ctrl_hs|                    wah|  return value|
|grp_fu_594_p_ce                 |  out|    1|  ap_ctrl_hs|                    wah|  return value|
|grp_fu_602_p_din0               |  out|   32|  ap_ctrl_hs|                    wah|  return value|
|grp_fu_602_p_dout0              |   in|   32|  ap_ctrl_hs|                    wah|  return value|
|grp_fu_602_p_ce                 |  out|    1|  ap_ctrl_hs|                    wah|  return value|
|input_r                         |   in|   32|     ap_none|                input_r|        scalar|
|p_read                          |   in|   31|     ap_none|                 p_read|        scalar|
|p_read1                         |   in|   32|     ap_none|                p_read1|        scalar|
|wah_values_buffer_address0      |  out|    7|   ap_memory|      wah_values_buffer|         array|
|wah_values_buffer_ce0           |  out|    1|   ap_memory|      wah_values_buffer|         array|
|wah_values_buffer_we0           |  out|    1|   ap_memory|      wah_values_buffer|         array|
|wah_values_buffer_d0            |  out|   32|   ap_memory|      wah_values_buffer|         array|
|wah_values_buffer_q0            |   in|   32|   ap_memory|      wah_values_buffer|         array|
|m_axi_gmem_AWVALID              |  out|    1|       m_axi|                   gmem|       pointer|
|m_axi_gmem_AWREADY              |   in|    1|       m_axi|                   gmem|       pointer|
|m_axi_gmem_AWADDR               |  out|   64|       m_axi|                   gmem|       pointer|
|m_axi_gmem_AWID                 |  out|    1|       m_axi|                   gmem|       pointer|
|m_axi_gmem_AWLEN                |  out|   32|       m_axi|                   gmem|       pointer|
|m_axi_gmem_AWSIZE               |  out|    3|       m_axi|                   gmem|       pointer|
|m_axi_gmem_AWBURST              |  out|    2|       m_axi|                   gmem|       pointer|
|m_axi_gmem_AWLOCK               |  out|    2|       m_axi|                   gmem|       pointer|
|m_axi_gmem_AWCACHE              |  out|    4|       m_axi|                   gmem|       pointer|
|m_axi_gmem_AWPROT               |  out|    3|       m_axi|                   gmem|       pointer|
|m_axi_gmem_AWQOS                |  out|    4|       m_axi|                   gmem|       pointer|
|m_axi_gmem_AWREGION             |  out|    4|       m_axi|                   gmem|       pointer|
|m_axi_gmem_AWUSER               |  out|    1|       m_axi|                   gmem|       pointer|
|m_axi_gmem_WVALID               |  out|    1|       m_axi|                   gmem|       pointer|
|m_axi_gmem_WREADY               |   in|    1|       m_axi|                   gmem|       pointer|
|m_axi_gmem_WDATA                |  out|   32|       m_axi|                   gmem|       pointer|
|m_axi_gmem_WSTRB                |  out|    4|       m_axi|                   gmem|       pointer|
|m_axi_gmem_WLAST                |  out|    1|       m_axi|                   gmem|       pointer|
|m_axi_gmem_WID                  |  out|    1|       m_axi|                   gmem|       pointer|
|m_axi_gmem_WUSER                |  out|    1|       m_axi|                   gmem|       pointer|
|m_axi_gmem_ARVALID              |  out|    1|       m_axi|                   gmem|       pointer|
|m_axi_gmem_ARREADY              |   in|    1|       m_axi|                   gmem|       pointer|
|m_axi_gmem_ARADDR               |  out|   64|       m_axi|                   gmem|       pointer|
|m_axi_gmem_ARID                 |  out|    1|       m_axi|                   gmem|       pointer|
|m_axi_gmem_ARLEN                |  out|   32|       m_axi|                   gmem|       pointer|
|m_axi_gmem_ARSIZE               |  out|    3|       m_axi|                   gmem|       pointer|
|m_axi_gmem_ARBURST              |  out|    2|       m_axi|                   gmem|       pointer|
|m_axi_gmem_ARLOCK               |  out|    2|       m_axi|                   gmem|       pointer|
|m_axi_gmem_ARCACHE              |  out|    4|       m_axi|                   gmem|       pointer|
|m_axi_gmem_ARPROT               |  out|    3|       m_axi|                   gmem|       pointer|
|m_axi_gmem_ARQOS                |  out|    4|       m_axi|                   gmem|       pointer|
|m_axi_gmem_ARREGION             |  out|    4|       m_axi|                   gmem|       pointer|
|m_axi_gmem_ARUSER               |  out|    1|       m_axi|                   gmem|       pointer|
|m_axi_gmem_RVALID               |   in|    1|       m_axi|                   gmem|       pointer|
|m_axi_gmem_RREADY               |  out|    1|       m_axi|                   gmem|       pointer|
|m_axi_gmem_RDATA                |   in|   32|       m_axi|                   gmem|       pointer|
|m_axi_gmem_RLAST                |   in|    1|       m_axi|                   gmem|       pointer|
|m_axi_gmem_RID                  |   in|    1|       m_axi|                   gmem|       pointer|
|m_axi_gmem_RFIFONUM             |   in|    9|       m_axi|                   gmem|       pointer|
|m_axi_gmem_RUSER                |   in|    1|       m_axi|                   gmem|       pointer|
|m_axi_gmem_RRESP                |   in|    2|       m_axi|                   gmem|       pointer|
|m_axi_gmem_BVALID               |   in|    1|       m_axi|                   gmem|       pointer|
|m_axi_gmem_BREADY               |  out|    1|       m_axi|                   gmem|       pointer|
|m_axi_gmem_BRESP                |   in|    2|       m_axi|                   gmem|       pointer|
|m_axi_gmem_BID                  |   in|    1|       m_axi|                   gmem|       pointer|
|m_axi_gmem_BUSER                |   in|    1|       m_axi|                   gmem|       pointer|
|bandpass_coeffs                 |   in|   64|     ap_none|        bandpass_coeffs|        scalar|
|control_signal_buffer_address0  |  out|    7|   ap_memory|  control_signal_buffer|         array|
|control_signal_buffer_ce0       |  out|    1|   ap_memory|  control_signal_buffer|         array|
|control_signal_buffer_we0       |  out|    1|   ap_memory|  control_signal_buffer|         array|
|control_signal_buffer_d0        |  out|    5|   ap_memory|  control_signal_buffer|         array|
|control_signal_buffer_q0        |   in|    5|   ap_memory|  control_signal_buffer|         array|
+--------------------------------+-----+-----+------------+-----------------------+--------------+

