Copyright 1986-2022 Xilinx, Inc. All Rights Reserved.
------------------------------------------------------------------------------------------------------------------------------------------------------------------------------------------------------------------
| Tool Version : Vivado v.2022.1 (win64) Build 3526262 Mon Apr 18 15:48:16 MDT 2022
| Date         : Wed Mar 27 20:40:41 2024
| Host         : WFXA4BB6DB88619 running 64-bit major release  (build 9200)
| Command      : report_bus_skew -warn_on_violation -file dma_axis_ip_example_wrapper_bus_skew_routed.rpt -pb dma_axis_ip_example_wrapper_bus_skew_routed.pb -rpx dma_axis_ip_example_wrapper_bus_skew_routed.rpx
| Design       : dma_axis_ip_example_wrapper
| Device       : 7z020-clg400
| Speed File   : -1  PRODUCTION 1.12 2019-11-22
------------------------------------------------------------------------------------------------------------------------------------------------------------------------------------------------------------------

Bus Skew Report

No bus skew constraints

