

================================================================
== Synthesis Summary Report of 'filt'
================================================================
+ General Information: 
    * Date:           Thu Apr 11 04:07:10 2024
    * Version:        2023.2 (Build 4023990 on Oct 11 2023)
    * Project:        FIR_Test_Vitis
    * Solution:       solution1 (Vivado IP Flow Target)
    * Product family: zynq
    * Target device:  xc7z020-clg400-1
    

+ Performance & Resource Estimates: 
    
    PS: '+' for module; 'o' for loop; '*' for dataflow
    +-----------------------------------+------+-------+---------+--------+----------+---------+------+----------+--------+---------+-----------+------------+-----+
    |              Modules              | Issue|       | Latency | Latency| Iteration|         | Trip |          |        |         |           |            |     |
    |              & Loops              | Type | Slack | (cycles)|  (ns)  |  Latency | Interval| Count| Pipelined|  BRAM  |   DSP   |     FF    |     LUT    | URAM|
    +-----------------------------------+------+-------+---------+--------+----------+---------+------+----------+--------+---------+-----------+------------+-----+
    |+ filt                             |     -|   0.00|        -|       -|         -|        -|     -|        no|  6 (2%)|  21 (9%)|  7372 (6%)|  6207 (11%)|    -|
    | o VITIS_LOOP_22_1                 |     -|  14.60|        -|       -|         -|        -|     -|        no|       -|        -|          -|           -|    -|
    |  + filt_Pipeline_VITIS_LOOP_35_2  |     -|   0.00|        -|       -|         -|        -|     -|        no|       -|        -|  371 (~0%)|   358 (~0%)|    -|
    |   o VITIS_LOOP_35_2               |     -|  14.60|        -|       -|         8|        1|     -|       yes|       -|        -|          -|           -|    -|
    +-----------------------------------+------+-------+---------+--------+----------+---------+------+----------+--------+---------+-----------+------------+-----+


================================================================
== HW Interfaces
================================================================
* M_AXI
+------------+------------+---------------+---------+--------+----------+-----------+--------------+--------------+-------------+-------------+-------------------+
| Interface  | Data Width | Address Width | Latency | Offset | Register | Max Widen | Max Read     | Max Write    | Num Read    | Num Write   | Resource Estimate |
|            | (SW->HW)   |               |         |        |          | Bitwidth  | Burst Length | Burst Length | Outstanding | Outstanding |                   |
+------------+------------+---------------+---------+--------+----------+-----------+--------------+--------------+-------------+-------------+-------------------+
| m_axi_gmem | 32 -> 32   | 64            | 0       | slave  | 0        | 0         | 16           | 16           | 16          | 16          | BRAM=4            |
+------------+------------+---------------+---------+--------+----------+-----------+--------------+--------------+-------------+-------------+-------------------+

* S_AXILITE Interfaces
+---------------+------------+---------------+--------+----------+
| Interface     | Data Width | Address Width | Offset | Register |
+---------------+------------+---------------+--------+----------+
| s_axi_control | 32         | 5             | 16     | 0        |
+---------------+------------+---------------+--------+----------+

* S_AXILITE Registers
+---------------+----------+--------+-------+--------+------------------+
| Interface     | Register | Offset | Width | Access | Description      |
+---------------+----------+--------+-------+--------+------------------+
| s_axi_control | c_1      | 0x10   | 32    | W      | Data signal of c |
| s_axi_control | c_2      | 0x14   | 32    | W      | Data signal of c |
+---------------+----------+--------+-------+--------+------------------+

* AXIS
+-----------+-----------+---------------+-------+-------+-----+-------+-------+--------+-------+-------+--------+
| Interface | Direction | Register Mode | TDATA | TDEST | TID | TKEEP | TLAST | TREADY | TSTRB | TUSER | TVALID |
+-----------+-----------+---------------+-------+-------+-----+-------+-------+--------+-------+-------+--------+
| x         | in        | both          | 32    | 1     | 1   | 4     | 1     | 1      | 4     | 1     | 1      |
| y         | out       | both          | 32    | 1     | 1   | 4     | 1     | 1      | 4     | 1     | 1      |
+-----------+-----------+---------------+-------+-------+-----+-------+-------+--------+-------+-------+--------+

* TOP LEVEL CONTROL
+-----------+--------------+----------+
| Interface | Type         | Ports    |
+-----------+--------------+----------+
| ap_clk    | clock        | ap_clk   |
| ap_rst_n  | reset        | ap_rst_n |
| ap_ctrl   | ap_ctrl_none |          |
+-----------+--------------+----------+


================================================================
== SW I/O Information
================================================================
* Top Function Arguments
+----------+-----------+--------------------------------------------------------+
| Argument | Direction | Datatype                                               |
+----------+-----------+--------------------------------------------------------+
| y        | out       | stream<hls::axis<ap_int<32>, 1, 1, 1, '8', false>, 0>& |
| c        | inout     | int*                                                   |
| x        | in        | stream<hls::axis<ap_int<32>, 1, 1, 1, '8', false>, 0>& |
+----------+-----------+--------------------------------------------------------+

* SW-to-HW Mapping
+----------+---------------+-----------+----------+-------------------------------+
| Argument | HW Interface  | HW Type   | HW Usage | HW Info                       |
+----------+---------------+-----------+----------+-------------------------------+
| y        | y             | interface |          |                               |
| c        | m_axi_gmem    | interface |          |                               |
| c        | s_axi_control | register  | offset   | name=c_1 offset=0x10 range=32 |
| c        | s_axi_control | register  | offset   | name=c_2 offset=0x14 range=32 |
| x        | x             | interface |          |                               |
+----------+---------------+-----------+----------+-------------------------------+


================================================================
== M_AXI Burst Information
================================================================
 Note: All burst requests might be further partitioned into multiple requests during RTL generation based on max_read_burst_length or max_write_burst_length settings.

* Inferred Burst Summary
+--------------+-----------+--------+-------+
| HW Interface | Direction | Length | Width |
+--------------+-----------+--------+-------+
| m_axi_gmem   | read      | 99     | 32    |
+--------------+-----------+--------+-------+

* All M_AXI Variable Accesses
+--------------+----------+-----------------+-----------+--------------+--------+-----------------+----------------+------------+-------------------------------------------------------------------------------------------------------+
| HW Interface | Variable | Access Location | Direction | Burst Status | Length | Loop            | Loop Location  | Resolution | Problem                                                                                               |
+--------------+----------+-----------------+-----------+--------------+--------+-----------------+----------------+------------+-------------------------------------------------------------------------------------------------------+
| m_axi_gmem   | c        | filt.cpp:56:42  | read      | Widen Fail   |        |                 |                | 214-353    | Could not widen since type i32 size is greater than or equal to the max_widen_bitwidth threshold of 0 |
| m_axi_gmem   | c        | filt.cpp:56:42  | read      | Inferred     | 99     | VITIS_LOOP_22_1 | filt.cpp:22:19 |            |                                                                                                       |
| m_axi_gmem   | c        | filt.cpp:59:39  | read      | Widen Fail   |        |                 |                | 214-353    | Could not widen since type i32 size is greater than or equal to the max_widen_bitwidth threshold of 0 |
| m_axi_gmem   | c        | filt.cpp:59:39  | read      | Inferred     | 99     | VITIS_LOOP_22_1 | filt.cpp:22:19 |            |                                                                                                       |
+--------------+----------+-----------------+-----------+--------------+--------+-----------------+----------------+------------+-------------------------------------------------------------------------------------------------------+

    * Resolution URL: docs.xilinx.com/access/sources/dita/topic?Doc_Version=2023.2%20English&url=ug1448-hls-guidance&resourceid=XXX-YYY.html (replace XXX-YYY with column value)

================================================================
== Bind Op Report
================================================================
+----------------------------------+-----+--------+-------------+-----+--------+---------+
| Name                             | DSP | Pragma | Variable    | Op  | Impl   | Latency |
+----------------------------------+-----+--------+-------------+-----+--------+---------+
| + filt                           | 21  |        |             |     |        |         |
|   mul_32s_32s_32_1_1_U14         | 3   |        | accumulate  | mul | auto   | 0       |
|   mul_32s_32s_32_1_1_U14         | 3   |        | mul_ln56    | mul | auto   | 0       |
|   mul_32s_32s_32_1_1_U14         | 3   |        | mul_ln56_1  | mul | auto   | 0       |
|   mul_32s_32s_32_1_1_U14         | 3   |        | mul_ln56_2  | mul | auto   | 0       |
|   mul_32s_32s_32_1_1_U14         | 3   |        | mul_ln56_3  | mul | auto   | 0       |
|   mul_32s_32s_32_1_1_U14         | 3   |        | mul_ln56_4  | mul | auto   | 0       |
|   mul_32s_32s_32_1_1_U14         | 3   |        | mul_ln56_5  | mul | auto   | 0       |
|   mul_32s_32s_32_1_1_U14         | 3   |        | mul_ln56_6  | mul | auto   | 0       |
|   mul_32s_32s_32_1_1_U14         | 3   |        | mul_ln56_7  | mul | auto   | 0       |
|   mul_32s_32s_32_1_1_U14         | 3   |        | mul_ln56_8  | mul | auto   | 0       |
|   mul_32s_32s_32_1_1_U14         | 3   |        | mul_ln56_9  | mul | auto   | 0       |
|   mul_32s_32s_32_1_1_U14         | 3   |        | mul_ln56_10 | mul | auto   | 0       |
|   mul_32s_32s_32_1_1_U14         | 3   |        | mul_ln56_11 | mul | auto   | 0       |
|   mul_32s_32s_32_1_1_U14         | 3   |        | mul_ln56_12 | mul | auto   | 0       |
|   mul_32s_32s_32_1_1_U14         | 3   |        | mul_ln56_13 | mul | auto   | 0       |
|   mul_32s_32s_32_1_1_U14         | 3   |        | mul_ln56_14 | mul | auto   | 0       |
|   mul_32s_32s_32_1_1_U14         | 3   |        | mul_ln56_15 | mul | auto   | 0       |
|   mul_32s_32s_32_1_1_U14         | 3   |        | mul_ln56_16 | mul | auto   | 0       |
|   mul_32s_32s_32_1_1_U14         | 3   |        | mul_ln56_17 | mul | auto   | 0       |
|   mul_32s_32s_32_1_1_U14         | 3   |        | mul_ln56_18 | mul | auto   | 0       |
|   mul_32s_32s_32_1_1_U14         | 3   |        | mul_ln56_19 | mul | auto   | 0       |
|   mul_32s_32s_32_1_1_U14         | 3   |        | mul_ln56_20 | mul | auto   | 0       |
|   mul_32s_32s_32_1_1_U14         | 3   |        | mul_ln56_21 | mul | auto   | 0       |
|   mul_32s_32s_32_1_1_U14         | 3   |        | mul_ln56_22 | mul | auto   | 0       |
|   mul_32s_32s_32_1_1_U14         | 3   |        | mul_ln56_23 | mul | auto   | 0       |
|   mul_32s_32s_32_1_1_U14         | 3   |        | mul_ln56_24 | mul | auto   | 0       |
|   mul_32s_32s_32_1_1_U14         | 3   |        | mul_ln56_25 | mul | auto   | 0       |
|   mul_32s_32s_32_1_1_U14         | 3   |        | mul_ln56_26 | mul | auto   | 0       |
|   mul_32s_32s_32_1_1_U14         | 3   |        | mul_ln56_27 | mul | auto   | 0       |
|   mul_32s_32s_32_1_1_U14         | 3   |        | mul_ln56_28 | mul | auto   | 0       |
|   mul_32s_32s_32_1_1_U14         | 3   |        | mul_ln56_29 | mul | auto   | 0       |
|   mul_32s_32s_32_1_1_U14         | 3   |        | mul_ln56_30 | mul | auto   | 0       |
|   mul_32s_32s_32_1_1_U14         | 3   |        | mul_ln56_31 | mul | auto   | 0       |
|   mul_32s_32s_32_1_1_U14         | 3   |        | mul_ln56_32 | mul | auto   | 0       |
|   mul_32s_32s_32_1_1_U15         | 3   |        | mul_ln56_33 | mul | auto   | 0       |
|   mul_32s_32s_32_1_1_U14         | 3   |        | mul_ln56_34 | mul | auto   | 0       |
|   mul_32s_32s_32_1_1_U15         | 3   |        | mul_ln56_35 | mul | auto   | 0       |
|   mul_32s_32s_32_1_1_U16         | 3   |        | mul_ln56_36 | mul | auto   | 0       |
|   mul_32s_32s_32_1_1_U14         | 3   |        | mul_ln56_37 | mul | auto   | 0       |
|   mul_32s_32s_32_1_1_U15         | 3   |        | mul_ln56_38 | mul | auto   | 0       |
|   mul_32s_32s_32_1_1_U14         | 3   |        | mul_ln56_39 | mul | auto   | 0       |
|   mul_32s_32s_32_1_1_U14         | 3   |        | mul_ln56_40 | mul | auto   | 0       |
|   mul_32s_32s_32_1_1_U14         | 3   |        | mul_ln56_41 | mul | auto   | 0       |
|   mul_32s_32s_32_1_1_U15         | 3   |        | mul_ln56_42 | mul | auto   | 0       |
|   mul_32s_32s_32_1_1_U14         | 3   |        | mul_ln56_43 | mul | auto   | 0       |
|   mul_32s_32s_32_1_1_U15         | 3   |        | mul_ln56_44 | mul | auto   | 0       |
|   mul_32s_32s_32_1_1_U14         | 3   |        | mul_ln56_45 | mul | auto   | 0       |
|   mul_32s_32s_32_1_1_U15         | 3   |        | mul_ln56_46 | mul | auto   | 0       |
|   mul_32s_32s_32_1_1_U14         | 3   |        | mul_ln56_47 | mul | auto   | 0       |
|   mul_32s_32s_32_1_1_U15         | 3   |        | mul_ln56_48 | mul | auto   | 0       |
|   mul_32s_32s_32_1_1_U14         | 3   |        | mul_ln56_49 | mul | auto   | 0       |
|   mul_32s_32s_32_1_1_U14         | 3   |        | mul_ln56_50 | mul | auto   | 0       |
|   mul_32s_32s_32_1_1_U15         | 3   |        | mul_ln56_51 | mul | auto   | 0       |
|   mul_32s_32s_32_1_1_U16         | 3   |        | mul_ln56_52 | mul | auto   | 0       |
|   mul_32s_32s_32_1_1_U14         | 3   |        | mul_ln56_53 | mul | auto   | 0       |
|   mul_32s_32s_32_1_1_U14         | 3   |        | mul_ln56_54 | mul | auto   | 0       |
|   mul_32s_32s_32_1_1_U15         | 3   |        | mul_ln56_55 | mul | auto   | 0       |
|   mul_32s_32s_32_1_1_U14         | 3   |        | mul_ln56_56 | mul | auto   | 0       |
|   mul_32s_32s_32_1_1_U15         | 3   |        | mul_ln56_57 | mul | auto   | 0       |
|   mul_32s_32s_32_1_1_U16         | 3   |        | mul_ln56_58 | mul | auto   | 0       |
|   mul_32s_32s_32_1_1_U14         | 3   |        | mul_ln56_59 | mul | auto   | 0       |
|   mul_32s_32s_32_1_1_U15         | 3   |        | mul_ln56_60 | mul | auto   | 0       |
|   mul_32s_32s_32_1_1_U16         | 3   |        | mul_ln56_61 | mul | auto   | 0       |
|   mul_32s_32s_32_1_1_U14         | 3   |        | mul_ln56_62 | mul | auto   | 0       |
|   mul_32s_32s_32_1_1_U15         | 3   |        | mul_ln56_63 | mul | auto   | 0       |
|   mul_32s_32s_32_1_1_U16         | 3   |        | mul_ln56_64 | mul | auto   | 0       |
|   mul_32s_32s_32_1_1_U17         | 3   |        | mul_ln56_65 | mul | auto   | 0       |
|   mul_32s_32s_32_1_1_U14         | 3   |        | mul_ln56_66 | mul | auto   | 0       |
|   mul_32s_32s_32_1_1_U15         | 3   |        | mul_ln56_67 | mul | auto   | 0       |
|   mul_32s_32s_32_1_1_U17         | 3   |        | mul_ln56_68 | mul | auto   | 0       |
|   mul_32s_32s_32_1_1_U14         | 3   |        | mul_ln56_69 | mul | auto   | 0       |
|   mul_32s_32s_32_1_1_U18         | 3   |        | mul_ln56_70 | mul | auto   | 0       |
|   mul_32s_32s_32_1_1_U19         | 3   |        | mul_ln56_71 | mul | auto   | 0       |
|   mul_32s_32s_32_1_1_U20         | 3   |        | mul_ln56_72 | mul | auto   | 0       |
|   mul_32s_32s_32_1_1_U14         | 3   |        | mul_ln56_73 | mul | auto   | 0       |
|   mul_32s_32s_32_1_1_U15         | 3   |        | mul_ln56_74 | mul | auto   | 0       |
|   mul_32s_32s_32_1_1_U17         | 3   |        | mul_ln56_75 | mul | auto   | 0       |
|   mul_32s_32s_32_1_1_U18         | 3   |        | mul_ln56_76 | mul | auto   | 0       |
|   mul_32s_32s_32_1_1_U19         | 3   |        | mul_ln56_77 | mul | auto   | 0       |
|   mul_32s_32s_32_1_1_U20         | 3   |        | mul_ln56_78 | mul | auto   | 0       |
|   mul_32s_32s_32_1_1_U14         | 3   |        | mul_ln56_79 | mul | auto   | 0       |
|   mul_32s_32s_32_1_1_U15         | 3   |        | mul_ln56_80 | mul | auto   | 0       |
|   mul_32s_32s_32_1_1_U16         | 3   |        | mul_ln56_81 | mul | auto   | 0       |
|   mul_32s_32s_32_1_1_U15         | 3   |        | mul_ln56_82 | mul | auto   | 0       |
|   mul_32s_32s_32_1_1_U16         | 3   |        | mul_ln56_83 | mul | auto   | 0       |
|   mul_32s_32s_32_1_1_U14         | 3   |        | mul_ln56_84 | mul | auto   | 0       |
|   mul_32s_32s_32_1_1_U15         | 3   |        | mul_ln56_85 | mul | auto   | 0       |
|   mul_32s_32s_32_1_1_U16         | 3   |        | mul_ln56_86 | mul | auto   | 0       |
|   mul_32s_32s_32_1_1_U15         | 3   |        | mul_ln56_87 | mul | auto   | 0       |
|   mul_32s_32s_32_1_1_U16         | 3   |        | mul_ln56_88 | mul | auto   | 0       |
|   mul_32s_32s_32_1_1_U17         | 3   |        | mul_ln56_89 | mul | auto   | 0       |
|   mul_32s_32s_32_1_1_U16         | 3   |        | mul_ln56_90 | mul | auto   | 0       |
|   mul_32s_32s_32_1_1_U18         | 3   |        | mul_ln56_91 | mul | auto   | 0       |
|   mul_32s_32s_32_1_1_U19         | 3   |        | mul_ln56_92 | mul | auto   | 0       |
|   mul_32s_32s_32_1_1_U14         | 3   |        | mul_ln56_93 | mul | auto   | 0       |
|   mul_32s_32s_32_1_1_U17         | 3   |        | mul_ln56_94 | mul | auto   | 0       |
|   mul_32s_32s_32_1_1_U18         | 3   |        | mul_ln56_95 | mul | auto   | 0       |
|   mul_32s_32s_32_1_1_U19         | 3   |        | mul_ln56_96 | mul | auto   | 0       |
|   mul_32s_32s_32_1_1_U14         | 3   |        | mul_ln59    | mul | auto   | 0       |
|   add_ln59_fu_1099_p2            |     |        | add_ln59    | add | fabric | 0       |
|   grp_fu_756_p2                  |     |        | add_ln59_5  | add | fabric | 0       |
|   grp_fu_756_p2                  |     |        | add_ln59_16 | add | fabric | 0       |
|   grp_fu_756_p2                  |     |        | add_ln59_23 | add | fabric | 0       |
|   grp_fu_756_p2                  |     |        | add_ln59_28 | add | fabric | 0       |
|   grp_fu_598_p2                  |     |        | add_ln59_39 | add | fabric | 0       |
|   grp_fu_598_p2                  |     |        | add_ln59_42 | add | fabric | 0       |
|   grp_fu_598_p2                  |     |        | add_ln59_53 | add | fabric | 0       |
|   grp_fu_598_p2                  |     |        | add_ln59_64 | add | fabric | 0       |
|   grp_fu_604_p2                  |     |        | add_ln59_67 | add | fabric | 0       |
|   grp_fu_598_p2                  |     |        | add_ln59_72 | add | fabric | 0       |
|   grp_fu_598_p2                  |     |        | add_ln59_77 | add | fabric | 0       |
|   grp_fu_604_p2                  |     |        | add_ln59_88 | add | fabric | 0       |
|   grp_fu_604_p2                  |     |        | add_ln59_91 | add | fabric | 0       |
|   add_ln30_fu_1159_p2            |     |        | add_ln30    | add | fabric | 0       |
|   add_ln74_fu_1175_p2            |     |        | add_ln74    | add | fabric | 0       |
|   i_5_fu_1186_p2                 |     |        | i_5         | add | fabric | 0       |
|  + filt_Pipeline_VITIS_LOOP_35_2 | 0   |        |             |     |        |         |
|    add_ln43_fu_208_p2            |     |        | add_ln43    | add | fabric | 0       |
|    add_ln46_fu_241_p2            |     |        | add_ln46    | add | fabric | 0       |
+----------------------------------+-----+--------+-------------+-----+--------+---------+


================================================================
== Storage Report
================================================================
+----------------------+-----------+-----------+------+------+--------+------------------+------+---------+------------------+
| Name                 | Usage     | Type      | BRAM | URAM | Pragma | Variable         | Impl | Latency | Bitwidth, Depth, |
|                      |           |           |      |      |        |                  |      |         | Banks            |
+----------------------+-----------+-----------+------+------+--------+------------------+------+---------+------------------+
| + filt               |           |           | 6    | 0    |        |                  |      |         |                  |
|   control_s_axi_U    | interface | s_axilite |      |      |        |                  |      |         |                  |
|   gmem_m_axi_U       | interface | m_axi     | 4    |      |        |                  |      |         |                  |
|   signal_shift_reg_U | ram_t2p   |           | 2    |      |        | signal_shift_reg | auto | 1       | 32, 99, 1        |
+----------------------+-----------+-----------+------+------+--------+------------------+------+---------+------------------+


================================================================
== Pragma Report
================================================================
* Valid Pragma Syntax
+-----------+---------------------------+----------------------------+
| Type      | Options                   | Location                   |
+-----------+---------------------------+----------------------------+
| interface | m_axi depth=99 port=c     | filt.cpp:4 in filt, c      |
| interface | axis register both port=x | filt.cpp:5 in filt, x      |
| interface | axis register both port=y | filt.cpp:6 in filt, y      |
| interface | ap_ctrl_none port=return  | filt.cpp:7 in filt, return |
| unroll    |                           | filt.cpp:54 in filt        |
+-----------+---------------------------+----------------------------+


