================================================================
== Design Size Report
================================================================

* Total Instructions per Compilation Phase
+---------------+-----------------------------+--------------+----------------------------------------------------------------------------------------+
| Phase         | Step                        | Instructions | Description                                                                            |
+---------------+-----------------------------+--------------+----------------------------------------------------------------------------------------+
| Compile/Link  |                             | 394          | After all functions are compiled and linked into a single design                       |
|               |                             |              |                                                                                        |
| Unroll/Inline |                             |              | After user unroll and inline pragmas are applied                                       |
|               | (1) unroll                  | 917          | user unroll pragmas are applied                                                        |
|               | (2) simplification          | 870          | simplification of applied user unroll pragmas                                          |
|               | (3) inline                  | 872          | user inline pragmas are applied                                                        |
|               | (4) simplification          | 872          | simplification of applied user inline pragmas                                          |
|               |                             |              |                                                                                        |
| Array/Struct  |                             |              | After user array partition and struct aggregate/disaggregate pragmas are applied       |
|               | (1) array partition         | 867          | user array partition pragmas are applied                                               |
|               | (2) simplification          | 867          | simplification of applied user array partition & struct aggregate/disaggregate pragmas |
|               | (3) aggregate/disaggregate  | 867          | user struct aggregate/disaggregate pragmas are applied                                 |
|               | (4) array reshape           | 867          | apply array reshape pragmas                                                            |
|               | (5) access patterns         | 882          | array access pattern optmizations                                                      |
|               |                             |              |                                                                                        |
| Performance   |                             |              | After transformations are applied to meet performance pragma targets                   |
|               | (1) loop simplification     | 898          | loop and instruction simplification                                                    |
|               | (2) parallelization         | 879          | loops are unrolled or pipelined to meet performance targets                            |
|               | (3) array partition         | 765          | arrays are partitioned to meet performance targets                                     |
|               | (4) simplification          | 765          | simplification of design after performance transformations                             |
|               |                             |              |                                                                                        |
| HW Transforms |                             |              | After hardware transfomations                                                          |
|               | (1) lowering                | 721          | initial conversion to HW specific instructions                                         |
|               | (2) optimizations           | 699          | high level synthesis optimizations                                                     |
+---------------+-----------------------------+--------------+----------------------------------------------------------------------------------------+

* Instructions per Function for each Compilation Phase
+----------+------------+--------------+---------------+--------------+-------------+---------------+
| Function | Location   | Compile/Link | Unroll/Inline | Array/Struct | Performance | HW Transforms |
+----------+------------+--------------+---------------+--------------+-------------+---------------+
|   filt   | filt.cpp:3 | 394          | 872           | 882          | 765         | 699           |
+----------+------------+--------------+---------------+--------------+-------------+---------------+

* Design Size Message Settings
+---------------------------------------------+--------+------------------------------------------------------------------+
| Message Setting                             | Value  | Description                                                      |
+---------------------------------------------+--------+------------------------------------------------------------------+
| config_compile -design_size_maximum_warning | 100000 | Show a warning when total design instructions exceeds this value |
+---------------------------------------------+--------+------------------------------------------------------------------+


