#-----------------------------------------------------------
# Vivado v2023.2 (64-bit)
# SW Build 4029153 on Fri Oct 13 20:14:34 MDT 2023
# IP Build 4028589 on Sat Oct 14 00:45:43 MDT 2023
# SharedData Build 4025554 on Tue Oct 10 17:18:54 MDT 2023
# Start of session at: Wed Apr 10 14:20:09 2024
# Process ID: 45064
# Current directory: C:/Users/a01me/Documents/GitHub/College/EECE4632FinalProject/Test_Runs/FIR_Test/FIR_Test_Vitis/solution1/impl/ip
# Command line: vivado.exe -notrace -mode batch -source run_ippack.tcl
# Log file: C:/Users/a01me/Documents/GitHub/College/EECE4632FinalProject/Test_Runs/FIR_Test/FIR_Test_Vitis/solution1/impl/ip/vivado.log
# Journal file: C:/Users/a01me/Documents/GitHub/College/EECE4632FinalProject/Test_Runs/FIR_Test/FIR_Test_Vitis/solution1/impl/ip\vivado.jou
# Running On: DESKTOP-G7JA666, OS: Windows, CPU Frequency: 2304 MHz, CPU Physical cores: 8, Host memory: 34065 MB
#-----------------------------------------------------------
source run_ippack.tcl -notrace
